Component: ARM Compiler 5.06 update 7 (build 960) Tool: armlink [4d3601]

==============================================================================

Section Cross References

    startup_stm32f103xb.o(STACK) refers (Special) to heapauxi.o(.text) for __use_two_region_memory
    startup_stm32f103xb.o(HEAP) refers (Special) to heapauxi.o(.text) for __use_two_region_memory
    startup_stm32f103xb.o(RESET) refers (Special) to heapauxi.o(.text) for __use_two_region_memory
    startup_stm32f103xb.o(RESET) refers to startup_stm32f103xb.o(STACK) for __initial_sp
    startup_stm32f103xb.o(RESET) refers to startup_stm32f103xb.o(.text) for Reset_Handler
    startup_stm32f103xb.o(RESET) refers to stm32f1xx_it.o(i.NMI_Handler) for NMI_Handler
    startup_stm32f103xb.o(RESET) refers to stm32f1xx_it.o(i.HardFault_Handler) for HardFault_Handler
    startup_stm32f103xb.o(RESET) refers to stm32f1xx_it.o(i.MemManage_Handler) for MemManage_Handler
    startup_stm32f103xb.o(RESET) refers to stm32f1xx_it.o(i.BusFault_Handler) for BusFault_Handler
    startup_stm32f103xb.o(RESET) refers to stm32f1xx_it.o(i.UsageFault_Handler) for UsageFault_Handler
    startup_stm32f103xb.o(RESET) refers to port.o(.emb_text) for SVC_Handler
    startup_stm32f103xb.o(RESET) refers to stm32f1xx_it.o(i.DebugMon_Handler) for DebugMon_Handler
    startup_stm32f103xb.o(RESET) refers to port.o(i.SysTick_Handler) for SysTick_Handler
    startup_stm32f103xb.o(RESET) refers to stm32f1xx_it.o(i.DMA1_Channel4_IRQHandler) for DMA1_Channel4_IRQHandler
    startup_stm32f103xb.o(RESET) refers to stm32f1xx_it.o(i.DMA1_Channel5_IRQHandler) for DMA1_Channel5_IRQHandler
    startup_stm32f103xb.o(RESET) refers to stm32f1xx_it.o(i.TIM4_IRQHandler) for TIM4_IRQHandler
    startup_stm32f103xb.o(RESET) refers to stm32f1xx_it.o(i.USART1_IRQHandler) for USART1_IRQHandler
    startup_stm32f103xb.o(.text) refers (Special) to heapauxi.o(.text) for __use_two_region_memory
    startup_stm32f103xb.o(.text) refers to system_stm32f1xx.o(i.SystemInit) for SystemInit
    startup_stm32f103xb.o(.text) refers to __main.o(!!!main) for __main
    startup_stm32f103xb.o(.text) refers to startup_stm32f103xb.o(HEAP) for Heap_Mem
    startup_stm32f103xb.o(.text) refers to startup_stm32f103xb.o(STACK) for Stack_Mem
    main.o(i.HAL_TIM_PeriodElapsedCallback) refers to stm32f1xx_hal.o(i.HAL_IncTick) for HAL_IncTick
    main.o(i.SystemClock_Config) refers to rt_memclr_w.o(.text) for __aeabi_memclr4
    main.o(i.SystemClock_Config) refers to stm32f1xx_hal_rcc.o(i.HAL_RCC_OscConfig) for HAL_RCC_OscConfig
    main.o(i.SystemClock_Config) refers to stm32f1xx_hal_rcc.o(i.HAL_RCC_ClockConfig) for HAL_RCC_ClockConfig
    main.o(i.SystemClock_Config) refers to stm32f1xx_hal_rcc_ex.o(i.HAL_RCCEx_PeriphCLKConfig) for HAL_RCCEx_PeriphCLKConfig
    main.o(i.main) refers to stm32f1xx_hal.o(i.HAL_Init) for HAL_Init
    main.o(i.main) refers to main.o(i.SystemClock_Config) for SystemClock_Config
    main.o(i.main) refers to gpio.o(i.MX_GPIO_Init) for MX_GPIO_Init
    main.o(i.main) refers to adc.o(i.MX_ADC1_Init) for MX_ADC1_Init
    main.o(i.main) refers to dma.o(i.MX_DMA_Init) for MX_DMA_Init
    main.o(i.main) refers to spi.o(i.MX_SPI1_Init) for MX_SPI1_Init
    main.o(i.main) refers to usart.o(i.MX_USART1_UART_Init) for MX_USART1_UART_Init
    main.o(i.main) refers to cmsis_os2.o(i.osKernelInitialize) for osKernelInitialize
    main.o(i.main) refers to freertos.o(i.MX_FREERTOS_Init) for MX_FREERTOS_Init
    main.o(i.main) refers to cmsis_os2.o(i.osKernelStart) for osKernelStart
    gpio.o(i.MX_GPIO_Init) refers to stm32f1xx_hal_gpio.o(i.HAL_GPIO_WritePin) for HAL_GPIO_WritePin
    gpio.o(i.MX_GPIO_Init) refers to stm32f1xx_hal_gpio.o(i.HAL_GPIO_Init) for HAL_GPIO_Init
    freertos.o(i.LcdTask) refers to lcd_driver.o(i.Lcd_Init) for Lcd_Init
    freertos.o(i.LcdTask) refers to qdtft_demo.o(i.Redraw_Mainmenu) for Redraw_Mainmenu
    freertos.o(i.LcdTask) refers to cmsis_os2.o(i.osDelay) for osDelay
    freertos.o(i.MX_FREERTOS_Init) refers to cmsis_os2.o(i.osThreadNew) for osThreadNew
    freertos.o(i.MX_FREERTOS_Init) refers to freertos.o(.constdata) for .constdata
    freertos.o(i.MX_FREERTOS_Init) refers to freertos.o(i.LcdTask) for LcdTask
    freertos.o(i.MX_FREERTOS_Init) refers to freertos.o(.data) for .data
    freertos.o(i.MX_FREERTOS_Init) refers to freertos.o(i.keybordTask) for keybordTask
    freertos.o(i.MX_FREERTOS_Init) refers to freertos.o(i.gsmTask) for gsmTask
    freertos.o(i.MX_FREERTOS_Init) refers to freertos.o(i.flashTask) for flashTask
    freertos.o(i.flashTask) refers to cmsis_os2.o(i.osDelay) for osDelay
    freertos.o(i.gsmTask) refers to cmsis_os2.o(i.osDelay) for osDelay
    freertos.o(i.keybordTask) refers to stm32f1xx_hal_gpio.o(i.HAL_GPIO_TogglePin) for HAL_GPIO_TogglePin
    freertos.o(i.keybordTask) refers to cmsis_os2.o(i.osDelay) for osDelay
    freertos.o(.constdata) refers to freertos.o(.conststring) for .conststring
[...]
    i.HAL_GPIO_WritePin                      0x08000eac   Section        0  stm32f1xx_hal_gpio.o(i.HAL_GPIO_WritePin)
    i.HAL_GetTick                            0x08000eb8   Section        0  stm32f1xx_hal.o(i.HAL_GetTick)
    i.HAL_IncTick                            0x08000ec4   Section        0  stm32f1xx_hal.o(i.HAL_IncTick)
    i.HAL_Init                               0x08000ed4   Section        0  stm32f1xx_hal.o(i.HAL_Init)
    i.HAL_InitTick                           0x08000ef8   Section        0  stm32f1xx_hal_timebase_tim.o(i.HAL_InitTick)
    i.HAL_MspInit                            0x08000f6c   Section        0  stm32f1xx_hal_msp.o(i.HAL_MspInit)
    i.HAL_NVIC_EnableIRQ                     0x08000fb4   Section        0  stm32f1xx_hal_cortex.o(i.HAL_NVIC_EnableIRQ)
    i.HAL_NVIC_SetPriority                   0x08000fd0   Section        0  stm32f1xx_hal_cortex.o(i.HAL_NVIC_SetPriority)
    i.HAL_NVIC_SetPriorityGrouping           0x08001010   Section        0  stm32f1xx_hal_cortex.o(i.HAL_NVIC_SetPriorityGrouping)
    i.HAL_RCCEx_PeriphCLKConfig              0x08001034   Section        0  stm32f1xx_hal_rcc_ex.o(i.HAL_RCCEx_PeriphCLKConfig)
    i.HAL_RCC_ClockConfig                    0x08001120   Section        0  stm32f1xx_hal_rcc.o(i.HAL_RCC_ClockConfig)
    i.HAL_RCC_GetClockConfig                 0x0800124c   Section        0  stm32f1xx_hal_rcc.o(i.HAL_RCC_GetClockConfig)
    i.HAL_RCC_GetPCLK1Freq                   0x0800128c   Section        0  stm32f1xx_hal_rcc.o(i.HAL_RCC_GetPCLK1Freq)
    i.HAL_RCC_GetPCLK2Freq                   0x080012ac   Section        0  stm32f1xx_hal_rcc.o(i.HAL_RCC_GetPCLK2Freq)
    i.HAL_RCC_GetSysClockFreq                0x080012cc   Section        0  stm32f1xx_hal_rcc.o(i.HAL_RCC_GetSysClockFreq)
    i.HAL_RCC_OscConfig                      0x08001318   Section        0  stm32f1xx_hal_rcc.o(i.HAL_RCC_OscConfig)
    i.HAL_SPI_Init                           0x08001638   Section        0  stm32f1xx_hal_spi.o(i.HAL_SPI_Init)
    i.HAL_SPI_MspInit                        0x080016ec   Section        0  spi.o(i.HAL_SPI_MspInit)
    i.HAL_SPI_Transmit                       0x0800175c   Section        0  stm32f1xx_hal_spi.o(i.HAL_SPI_Transmit)
    i.HAL_TIMEx_BreakCallback                0x080018ca   Section        0  stm32f1xx_hal_tim_ex.o(i.HAL_TIMEx_BreakCallback)
    i.HAL_TIMEx_CommutCallback               0x080018cc   Section        0  stm32f1xx_hal_tim_ex.o(i.HAL_TIMEx_CommutCallback)
    i.HAL_TIM_Base_Init                      0x080018ce   Section        0  stm32f1xx_hal_tim.o(i.HAL_TIM_Base_Init)
    i.HAL_TIM_Base_MspInit                   0x08001928   Section        0  stm32f1xx_hal_tim.o(i.HAL_TIM_Base_MspInit)
    i.HAL_TIM_Base_Start_IT                  0x0800192c   Section        0  stm32f1xx_hal_tim.o(i.HAL_TIM_Base_Start_IT)
    i.HAL_TIM_IC_CaptureCallback             0x08001984   Section        0  stm32f1xx_hal_tim.o(i.HAL_TIM_IC_CaptureCallback)
    i.HAL_TIM_IRQHandler                     0x08001986   Section        0  stm32f1xx_hal_tim.o(i.HAL_TIM_IRQHandler)
    i.HAL_TIM_OC_DelayElapsedCallback        0x08001aec   Section        0  stm32f1xx_hal_tim.o(i.HAL_TIM_OC_DelayElapsedCallback)
    i.HAL_TIM_PWM_PulseFinishedCallback      0x08001aee   Section        0  stm32f1xx_hal_tim.o(i.HAL_TIM_PWM_PulseFinishedCallback)
    i.HAL_TIM_PeriodElapsedCallback          0x08001af0   Section        0  main.o(i.HAL_TIM_PeriodElapsedCallback)
    i.HAL_TIM_TriggerCallback                0x08001b04   Section        0  stm32f1xx_hal_tim.o(i.HAL_TIM_TriggerCallback)
    i.HAL_UARTEx_RxEventCallback             0x08001b06   Section        0  stm32f1xx_hal_uart.o(i.HAL_UARTEx_RxEventCallback)
    i.HAL_UART_ErrorCallback                 0x08001b08   Section        0  stm32f1xx_hal_uart.o(i.HAL_UART_ErrorCallback)
    i.HAL_UART_IRQHandler                    0x08001b0c   Section        0  stm32f1xx_hal_uart.o(i.HAL_UART_IRQHandler)
    i.HAL_UART_Init                          0x08001d78   Section        0  stm32f1xx_hal_uart.o(i.HAL_UART_Init)
    i.HAL_UART_MspInit                       0x08001ddc   Section        0  usart.o(i.HAL_UART_MspInit)
    i.HAL_UART_RxCpltCallback                0x08001eb8   Section        0  stm32f1xx_hal_uart.o(i.HAL_UART_RxCpltCallback)
    i.HAL_UART_TxCpltCallback                0x08001eba   Section        0  stm32f1xx_hal_uart.o(i.HAL_UART_TxCpltCallback)
    i.HardFault_Handler                      0x08001ebc   Section        0  stm32f1xx_it.o(i.HardFault_Handler)
    i.LCD_WriteData_16Bit                    0x08001ec0   Section        0  lcd_driver.o(i.LCD_WriteData_16Bit)
    i.LcdTask                                0x08001ee4   Section        0  freertos.o(i.LcdTask)
    i.Lcd_Clear                              0x08001ef4   Section        0  lcd_driver.o(i.Lcd_Clear)
    i.Lcd_Init                               0x08001f22   Section        0  lcd_driver.o(i.Lcd_Init)
    i.Lcd_Reset                              0x08002144   Section        0  lcd_driver.o(i.Lcd_Reset)
    i.Lcd_SetRegion                          0x08002170   Section        0  lcd_driver.o(i.Lcd_SetRegion)
    i.Lcd_SetXY                              0x080021c6   Section        0  lcd_driver.o(i.Lcd_SetXY)
    i.Lcd_WriteData                          0x080021d0   Section        0  lcd_driver.o(i.Lcd_WriteData)
    i.Lcd_WriteIndex                         0x080021ec   Section        0  lcd_driver.o(i.Lcd_WriteIndex)
    i.MX_ADC1_Init                           0x08002208   Section        0  adc.o(i.MX_ADC1_Init)
    i.MX_DMA_Init                            0x08002254   Section        0  dma.o(i.MX_DMA_Init)
    i.MX_FREERTOS_Init                       0x08002290   Section        0  freertos.o(i.MX_FREERTOS_Init)
    i.MX_GPIO_Init                           0x080022e4   Section        0  gpio.o(i.MX_GPIO_Init)
    i.MX_SPI1_Init                           0x08002398   Section        0  spi.o(i.MX_SPI1_Init)
    i.MX_USART1_UART_Init                    0x080023e0   Section        0  usart.o(i.MX_USART1_UART_Init)
    i.MemManage_Handler                      0x08002418   Section        0  stm32f1xx_it.o(i.MemManage_Handler)
    i.NMI_Handler                            0x0800241a   Section        0  stm32f1xx_it.o(i.NMI_Handler)
    i.Redraw_Mainmenu                        0x0800241c   Section        0  qdtft_demo.o(i.Redraw_Mainmenu)
    i.SPI_EndRxTxTransaction                 0x08002500   Section        0  stm32f1xx_hal_spi.o(i.SPI_EndRxTxTransaction)
    SPI_EndRxTxTransaction                   0x08002501   Thumb Code    32  stm32f1xx_hal_spi.o(i.SPI_EndRxTxTransaction)
    i.SPI_WaitFlagStateUntilTimeout          0x08002520   Section        0  stm32f1xx_hal_spi.o(i.SPI_WaitFlagStateUntilTimeout)
    SPI_WaitFlagStateUntilTimeout            0x08002521   Thumb Code   180  stm32f1xx_hal_spi.o(i.SPI_WaitFlagStateUntilTimeout)
    i.SPI_WriteData                          0x080025d8   Section        0  lcd_driver.o(i.SPI_WriteData)
    i.SysTick_Handler                        0x080025f0   Section        0  port.o(i.SysTick_Handler)
    i.SystemClock_Config                     0x0800261c   Section        0  main.o(i.SystemClock_Config)
    i.SystemInit                             0x08002694   Section        0  system_stm32f1xx.o(i.SystemInit)
    i.TIM4_IRQHandler                        0x08002698   Section        0  stm32f1xx_it.o(i.TIM4_IRQHandler)
    i.TIM_Base_SetConfig                     0x080026a4   Section        0  stm32f1xx_hal_tim.o(i.TIM_Base_SetConfig)
    i.UART_DMAAbortOnError                   0x08002710   Section        0  stm32f1xx_hal_uart.o(i.UART_DMAAbortOnError)
    UART_DMAAbortOnError                     0x08002711   Thumb Code    16  stm32f1xx_hal_uart.o(i.UART_DMAAbortOnError)
    i.UART_EndRxTransfer                     0x08002720   Section        0  stm32f1xx_hal_uart.o(i.UART_EndRxTransfer)
    UART_EndRxTransfer                       0x08002721   Thumb Code    78  stm32f1xx_hal_uart.o(i.UART_EndRxTransfer)
    i.UART_Receive_IT                        0x0800276e   Section        0  stm32f1xx_hal_uart.o(i.UART_Receive_IT)
    UART_Receive_IT                          0x0800276f   Thumb Code   194  stm32f1xx_hal_uart.o(i.UART_Receive_IT)
    i.UART_SetConfig                         0x08002830   Section        0  stm32f1xx_hal_uart.o(i.UART_SetConfig)
    UART_SetConfig                           0x08002831   Thumb Code   178  stm32f1xx_hal_uart.o(i.UART_SetConfig)
    i.USART1_IRQHandler                      0x080028e8   Section        0  stm32f1xx_it.o(i.USART1_IRQHandler)
    i.UsageFault_Handler                     0x080028f4   Section        0  stm32f1xx_it.o(i.UsageFault_Handler)
    i.__NVIC_SetPriority                     0x080028f6   Section        0  stm32f1xx_hal_cortex.o(i.__NVIC_SetPriority)
    __NVIC_SetPriority                       0x080028f7   Thumb Code    32  stm32f1xx_hal_cortex.o(i.__NVIC_SetPriority)
    i.flashTask                              0x08002916   Section        0  freertos.o(i.flashTask)
    i.gsmTask                                0x0800291e   Section        0  freertos.o(i.gsmTask)
    i.keybordTask                            0x08002928   Section        0  freertos.o(i.keybordTask)
    i.main                                   0x08002940   Section        0  main.o(i.main)
    i.osDelay                                0x0800296c   Section        0  cmsis_os2.o(i.osDelay)
    i.osKernelInitialize                     0x080029a0   Section        0  cmsis_os2.o(i.osKernelInitialize)
    i.osKernelStart                          0x080029d8   Section        0  cmsis_os2.o(i.osKernelStart)
    i.osThreadNew                            0x08002a18   Section        0  cmsis_os2.o(i.osThreadNew)
    i.prvAddCurrentTaskToDelayedList         0x08002abc   Section        0  tasks.o(i.prvAddCurrentTaskToDelayedList)
    prvAddCurrentTaskToDelayedList           0x08002abd   Thumb Code    84  tasks.o(i.prvAddCurrentTaskToDelayedList)
    i.prvAddNewTaskToReadyList               0x08002b18   Section        0  tasks.o(i.prvAddNewTaskToReadyList)
    prvAddNewTaskToReadyList                 0x08002b19   Thumb Code   190  tasks.o(i.prvAddNewTaskToReadyList)
    i.prvCheckForValidListAndQueue           0x08002be8   Section        0  timers.o(i.prvCheckForValidListAndQueue)
    prvCheckForValidListAndQueue             0x08002be9   Thumb Code    72  timers.o(i.prvCheckForValidListAndQueue)
    i.prvCopyDataFromQueue                   0x08002c40   Section        0  queue.o(i.prvCopyDataFromQueue)
    prvCopyDataFromQueue                     0x08002c41   Thumb Code    38  queue.o(i.prvCopyDataFromQueue)
    i.prvCopyDataToQueue                     0x08002c66   Section        0  queue.o(i.prvCopyDataToQueue)
    prvCopyDataToQueue                       0x08002c67   Thumb Code   108  queue.o(i.prvCopyDataToQueue)
    i.prvDeleteTCB                           0x08002cd2   Section        0  tasks.o(i.prvDeleteTCB)
    prvDeleteTCB                             0x08002cd3   Thumb Code    52  tasks.o(i.prvDeleteTCB)
    i.prvHeapInit                            0x08002d08   Section        0  heap_4.o(i.prvHeapInit)
    prvHeapInit                              0x08002d09   Thumb Code    66  heap_4.o(i.prvHeapInit)
    i.prvIdleTask                            0x08002d54   Section        0  tasks.o(i.prvIdleTask)
    prvIdleTask                              0x08002d55   Thumb Code    82  tasks.o(i.prvIdleTask)
    i.prvInitialiseNewQueue                  0x08002db4   Section        0  queue.o(i.prvInitialiseNewQueue)
    prvInitialiseNewQueue                    0x08002db5   Thumb Code    34  queue.o(i.prvInitialiseNewQueue)
    i.prvInitialiseNewTask                   0x08002dd6   Section        0  tasks.o(i.prvInitialiseNewTask)
    prvInitialiseNewTask                     0x08002dd7   Thumb Code   156  tasks.o(i.prvInitialiseNewTask)
    i.prvInsertBlockIntoFreeList             0x08002e74   Section        0  heap_4.o(i.prvInsertBlockIntoFreeList)
    prvInsertBlockIntoFreeList               0x08002e75   Thumb Code    72  heap_4.o(i.prvInsertBlockIntoFreeList)
    i.prvInsertTimerInActiveList             0x08002ec0   Section        0  timers.o(i.prvInsertTimerInActiveList)
    prvInsertTimerInActiveList               0x08002ec1   Thumb Code    52  timers.o(i.prvInsertTimerInActiveList)
    i.prvIsQueueEmpty                        0x08002ef8   Section        0  queue.o(i.prvIsQueueEmpty)
    prvIsQueueEmpty                          0x08002ef9   Thumb Code    28  queue.o(i.prvIsQueueEmpty)
    i.prvProcessReceivedCommands             0x08002f14   Section        0  timers.o(i.prvProcessReceivedCommands)
    prvProcessReceivedCommands               0x08002f15   Thumb Code   198  timers.o(i.prvProcessReceivedCommands)
    i.prvProcessTimerOrBlockTask             0x08002fe0   Section        0  timers.o(i.prvProcessTimerOrBlockTask)
    prvProcessTimerOrBlockTask               0x08002fe1   Thumb Code   172  timers.o(i.prvProcessTimerOrBlockTask)
    i.prvResetNextTaskUnblockTime            0x08003094   Section        0  tasks.o(i.prvResetNextTaskUnblockTime)
    prvResetNextTaskUnblockTime              0x08003095   Thumb Code    26  tasks.o(i.prvResetNextTaskUnblockTime)
    i.prvSampleTimeNow                       0x080030b4   Section        0  timers.o(i.prvSampleTimeNow)
    prvSampleTimeNow                         0x080030b5   Thumb Code    36  timers.o(i.prvSampleTimeNow)
    i.prvSwitchTimerLists                    0x080030dc   Section        0  timers.o(i.prvSwitchTimerLists)
    prvSwitchTimerLists                      0x080030dd   Thumb Code   102  timers.o(i.prvSwitchTimerLists)
    i.prvTaskExitError                       0x08003148   Section        0  port.o(i.prvTaskExitError)
    prvTaskExitError                         0x08003149   Thumb Code    36  port.o(i.prvTaskExitError)
    i.prvTimerTask                           0x08003170   Section        0  timers.o(i.prvTimerTask)
    prvTimerTask                             0x08003171   Thumb Code    32  timers.o(i.prvTimerTask)
    i.prvUnlockQueue                         0x08003194   Section        0  queue.o(i.prvUnlockQueue)
    prvUnlockQueue                           0x08003195   Thumb Code   106  queue.o(i.prvUnlockQueue)
    i.pvPortMalloc                           0x08003200   Section        0  heap_4.o(i.pvPortMalloc)
    i.pxPortInitialiseStack                  0x080032d8   Section        0  port.o(i.pxPortInitialiseStack)
    i.uxListRemove                           0x080032fc   Section        0  list.o(i.uxListRemove)
    i.vApplicationGetIdleTaskMemory          0x08003324   Section        0  cmsis_os2.o(i.vApplicationGetIdleTaskMemory)
    i.vApplicationGetTimerTaskMemory         0x08003338   Section        0  cmsis_os2.o(i.vApplicationGetTimerTaskMemory)
    i.vListInitialise                        0x08003350   Section        0  list.o(i.vListInitialise)
    i.vListInitialiseItem                    0x08003366   Section        0  list.o(i.vListInitialiseItem)
    i.vListInsert                            0x0800336c   Section        0  list.o(i.vListInsert)
    i.vListInsertEnd                         0x0800339c   Section        0  list.o(i.vListInsertEnd)
    i.vPortEnterCritical                     0x080033b4   Section        0  port.o(i.vPortEnterCritical)
    i.vPortExitCritical                      0x080033f4   Section        0  port.o(i.vPortExitCritical)
    i.vPortFree                              0x0800341c   Section        0  heap_4.o(i.vPortFree)
    i.vPortSetupTimerInterrupt               0x08003478   Section        0  port.o(i.vPortSetupTimerInterrupt)
    i.vPortValidateInterruptPriority         0x0800349c   Section        0  port.o(i.vPortValidateInterruptPriority)
    i.vQueueAddToRegistry                    0x080034f0   Section        0  queue.o(i.vQueueAddToRegistry)
    i.vQueueWaitForMessageRestricted         0x08003518   Section        0  queue.o(i.vQueueWaitForMessageRestricted)
    i.vTaskDelay                             0x0800355c   Section        0  tasks.o(i.vTaskDelay)
    i.vTaskInternalSetTimeOutState           0x080035a8   Section        0  tasks.o(i.vTaskInternalSetTimeOutState)
    i.vTaskMissedYield                       0x080035b8   Section        0  tasks.o(i.vTaskMissedYield)
    i.vTaskPlaceOnEventList                  0x080035c4   Section        0  tasks.o(i.vTaskPlaceOnEventList)
    i.vTaskPlaceOnEventListRestricted        0x080035f4   Section        0  tasks.o(i.vTaskPlaceOnEventListRestricted)
    i.vTaskStartScheduler                    0x0800362c   Section        0  tasks.o(i.vTaskStartScheduler)
    i.vTaskSuspendAll                        0x080036b4   Section        0  tasks.o(i.vTaskSuspendAll)
    i.vTaskSwitchContext                     0x080036c4   Section        0  tasks.o(i.vTaskSwitchContext)
    i.xPortStartScheduler                    0x08003728   Section        0  port.o(i.xPortStartScheduler)
    i.xQueueGenericCreateStatic              0x080037d0   Section        0  queue.o(i.xQueueGenericCreateStatic)
    i.xQueueGenericReset                     0x08003838   Section        0  queue.o(i.xQueueGenericReset)
    i.xQueueGenericSend                      0x080038c0   Section        0  queue.o(i.xQueueGenericSend)
    i.xQueueGenericSendFromISR               0x08003a20   Section        0  queue.o(i.xQueueGenericSendFromISR)
    i.xQueueReceive                          0x08003adc   Section        0  queue.o(i.xQueueReceive)
    i.xTaskCheckForTimeOut                   0x08003c14   Section        0  tasks.o(i.xTaskCheckForTimeOut)
    i.xTaskCreate                            0x08003c88   Section        0  tasks.o(i.xTaskCreate)
    i.xTaskCreateStatic                      0x08003ce2   Section        0  tasks.o(i.xTaskCreateStatic)
    i.xTaskGetSchedulerState                 0x08003d38   Section        0  tasks.o(i.xTaskGetSchedulerState)
    i.xTaskGetTickCount                      0x08003d54   Section        0  tasks.o(i.xTaskGetTickCount)
    i.xTaskIncrementTick                     0x08003d60   Section        0  tasks.o(i.xTaskIncrementTick)
    i.xTaskPriorityDisinherit                0x08003e28   Section        0  tasks.o(i.xTaskPriorityDisinherit)
    i.xTaskRemoveFromEventList               0x08003ea8   Section        0  tasks.o(i.xTaskRemoveFromEventList)
    i.xTaskResumeAll                         0x08003f18   Section        0  tasks.o(i.xTaskResumeAll)
    i.xTimerCreateTimerTask                  0x08003fdc   Section        0  timers.o(i.xTimerCreateTimerTask)
    i.xTimerGenericCommand                   0x0800403c   Section        0  timers.o(i.xTimerGenericCommand)
    .constdata                               0x080040a4   Section      144  freertos.o(.constdata)
    .constdata                               0x08004134   Section       18  stm32f1xx_hal_rcc.o(.constdata)
    aPredivFactorTable                       0x08004134   Data           2  stm32f1xx_hal_rcc.o(.constdata)
    aPLLMULFactorTable                       0x08004136   Data          16  stm32f1xx_hal_rcc.o(.constdata)
    .constdata                               0x08004146   Section       16  system_stm32f1xx.o(.constdata)
    .constdata                               0x08004156   Section        8  system_stm32f1xx.o(.constdata)
    .constdata                               0x0800415e   Section     6616  gui.o(.constdata)
    .conststring                             0x08005b38   Section       40  freertos.o(.conststring)
    .data                                    0x20000000   Section       16  freertos.o(.data)
    .data                                    0x20000010   Section       12  stm32f1xx_hal.o(.data)
    .data                                    0x2000001c   Section        4  system_stm32f1xx.o(.data)
    .data                                    0x20000020   Section       60  tasks.o(.data)
    pxDelayedTaskList                        0x20000024   Data           4  tasks.o(.data)
    pxOverflowDelayedTaskList                0x20000028   Data           4  tasks.o(.data)
    uxDeletedTasksWaitingCleanUp             0x2000002c   Data           4  tasks.o(.data)
    uxCurrentNumberOfTasks                   0x20000030   Data           4  tasks.o(.data)
    xTickCount                               0x20000034   Data           4  tasks.o(.data)
    uxTopReadyPriority                       0x20000038   Data           4  tasks.o(.data)
    xSchedulerRunning                        0x2000003c   Data           4  tasks.o(.data)
    uxPendedTicks                            0x20000040   Data           4  tasks.o(.data)
    xYieldPending                            0x20000044   Data           4  tasks.o(.data)
    xNumOfOverflows                          0x20000048   Data           4  tasks.o(.data)
    uxTaskNumber                             0x2000004c   Data           4  tasks.o(.data)
    xNextTaskUnblockTime                     0x20000050   Data           4  tasks.o(.data)
    xIdleTaskHandle                          0x20000054   Data           4  tasks.o(.data)
    uxSchedulerSuspended                     0x20000058   Data           4  tasks.o(.data)
    .data                                    0x2000005c   Section       20  timers.o(.data)
    pxCurrentTimerList                       0x2000005c   Data           4  timers.o(.data)
    pxOverflowTimerList                      0x20000060   Data           4  timers.o(.data)
    xTimerQueue                              0x20000064   Data           4  timers.o(.data)
    xTimerTaskHandle                         0x20000068   Data           4  timers.o(.data)
    xLastTime                                0x2000006c   Data           4  timers.o(.data)
    .data                                    0x20000070   Section        4  cmsis_os2.o(.data)
    KernelState                              0x20000070   Data           4  cmsis_os2.o(.data)
    .data                                    0x20000074   Section       24  heap_4.o(.data)
    pxEnd                                    0x20000074   Data           4  heap_4.o(.data)
    xFreeBytesRemaining                      0x20000078   Data           4  heap_4.o(.data)
    xMinimumEverFreeBytesRemaining           0x2000007c   Data           4  heap_4.o(.data)
    xBlockAllocatedBit                       0x20000080   Data           4  heap_4.o(.data)
    xStart                                   0x20000084   Data           8  heap_4.o(.data)
    .data                                    0x2000008c   Section       12  port.o(.data)
    ucMaxSysCallPriority                     0x2000008c   Data           1  port.o(.data)
    uxCriticalNesting                        0x20000090   Data           4  port.o(.data)
    ulMaxPRIGROUPValue                       0x20000094   Data           4  port.o(.data)
    .bss                                     0x20000098   Section       48  adc.o(.bss)
    .bss                                     0x200000c8   Section       88  spi.o(.bss)
    .bss                                     0x20000120   Section      208  usart.o(.bss)
    .bss                                     0x200001f0   Section       72  stm32f1xx_hal_timebase_tim.o(.bss)
    .bss                                     0x20000238   Section       64  queue.o(.bss)
    .bss                                     0x20000278   Section     1220  tasks.o(.bss)
    pxReadyTasksLists                        0x20000278   Data        1120  tasks.o(.bss)
    xDelayedTaskList1                        0x200006d8   Data          20  tasks.o(.bss)
    xDelayedTaskList2                        0x200006ec   Data          20  tasks.o(.bss)
    xPendingReadyList                        0x20000700   Data          20  tasks.o(.bss)
    xTasksWaitingTermination                 0x20000714   Data          20  tasks.o(.bss)
    xSuspendedTaskList                       0x20000728   Data          20  tasks.o(.bss)
    .bss                                     0x2000073c   Section      280  timers.o(.bss)
    xActiveTimerList1                        0x2000073c   Data          20  timers.o(.bss)
    xActiveTimerList2                        0x20000750   Data          20  timers.o(.bss)
    xStaticTimerQueue                        0x20000764   Data          80  timers.o(.bss)
    ucStaticTimerQueueStorage                0x200007b4   Data         160  timers.o(.bss)
    .bss                                     0x20000854   Section     1720  cmsis_os2.o(.bss)
    Idle_TCB                                 0x20000854   Data          92  cmsis_os2.o(.bss)
    Idle_Stack                               0x200008b0   Data         512  cmsis_os2.o(.bss)
    Timer_TCB                                0x20000ab0   Data          92  cmsis_os2.o(.bss)
    Timer_Stack                              0x20000b0c   Data        1024  cmsis_os2.o(.bss)
    .bss                                     0x20000f0c   Section     3072  heap_4.o(.bss)
    ucHeap                                   0x20000f0c   Data        3072  heap_4.o(.bss)
    .bss                                     0x20001b0c   Section       96  libspace.o(.bss)
    HEAP                                     0x20001b70   Section      512  startup_stm32f103xb.o(HEAP)
    Heap_Mem                                 0x20001b70   Data         512  startup_stm32f103xb.o(HEAP)
    STACK                                    0x20001d70   Section     1024  startup_stm32f103xb.o(STACK)
    Stack_Mem                                0x20001d70   Data        1024  startup_stm32f103xb.o(STACK)
    __initial_sp                             0x20002170   Data           0  startup_stm32f103xb.o(STACK)

    Global Symbols

    Symbol Name                              Value     Ov Type        Size  Object(Section)

    BuildAttributes$$THM_ISAv4$P$D$K$B$S$PE$A:L22UL41UL21$X:L11$S22US41US21$IEEE1$IW$USESV6$~STKCKD$USESV7$~SHL$OSPACE$ROPI$EBA8$UX$STANDARDLIB$REQ8$PRES8$EABIv2 0x00000000   Number         0  anon$$obj.o ABSOLUTE
    __ARM_use_no_argv                        0x00000000   Number         0  main.o ABSOLUTE
    __ARM_exceptions_init                     - Undefined Weak Reference
    __alloca_initialize                       - Undefined Weak Reference
    __arm_fini_                               - Undefined Weak Reference
    __arm_preinit_                            - Undefined Weak Reference
    __cpp_initialize__aeabi_                  - Undefined Weak Reference
    __cxa_finalize                            - Undefined Weak Reference
    __rt_locale                               - Undefined Weak Reference
    __sigvec_lookup                           - Undefined Weak Reference
    _atexit_init                              - Undefined Weak Reference
    _call_atexit_fns                          - Undefined Weak Reference
    _clock_init                               - Undefined Weak Reference
    _fp_trap_init                             - Undefined Weak Reference
    _fp_trap_shutdown                         - Undefined Weak Reference
    _get_lc_collate                           - Undefined Weak Reference
    _get_lc_ctype                             - Undefined Weak Reference
    _get_lc_monetary                          - Undefined Weak Reference
    _get_lc_numeric                           - Undefined Weak Reference
    _get_lc_time                              - Undefined Weak Reference
    _getenv_init                              - Undefined Weak Reference
    _handle_redirection                       - Undefined Weak Reference
    _init_alloc                               - Undefined Weak Reference
    _init_user_alloc                          - Undefined Weak Reference
    _initio                                   - Undefined Weak Reference
    _rand_init                                - Undefined Weak Reference
    _signal_finish                            - Undefined Weak Reference
    _signal_init                              - Undefined Weak Reference
    _terminate_alloc                          - Undefined Weak Reference
    _terminate_user_alloc                     - Undefined Weak Reference
    _terminateio                              - Undefined Weak Reference
    __Vectors_Size                           0x000000ec   Number         0  startup_stm32f103xb.o ABSOLUTE
    __Vectors                                0x08000000   Data           4  startup_stm32f103xb.o(RESET)
    __Vectors_End                            0x080000ec   Data           0  startup_stm32f103xb.o(RESET)
    __main                                   0x080000ed   Thumb Code     8  __main.o(!!!main)
    __scatterload                            0x080000f5   Thumb Code     0  __scatter.o(!!!scatter)
    __scatterload_rt2                        0x080000f5   Thumb Code    44  __scatter.o(!!!scatter)
    __scatterload_rt2_thumb_only             0x080000f5   Thumb Code     0  __scatter.o(!!!scatter)
    __scatterload_null                       0x08000103   Thumb Code     0  __scatter.o(!!!scatter)
    __scatterload_copy                       0x08000129   Thumb Code    26  __scatter_copy.o(!!handler_copy)
    __scatterload_zeroinit                   0x08000145   Thumb Code    28  __scatter_zi.o(!!handler_zi)
    __rt_lib_init                            0x08000161   Thumb Code     0  libinit.o(.ARM.Collect$$libinit$$00000000)
    __rt_lib_init_alloca_1                   0x08000163   Thumb Code     0  libinit2.o(.ARM.Collect$$libinit$$0000002E)
    __rt_lib_init_argv_1                     0x08000163   Thumb Code     0  libinit2.o(.ARM.Collect$$libinit$$0000002C)
    __rt_lib_init_atexit_1                   0x08000163   Thumb Code     0  libinit2.o(.ARM.Collect$$libinit$$0000001B)
    __rt_lib_init_clock_1                    0x08000163   Thumb Code     0  libinit2.o(.ARM.Collect$$libinit$$00000021)
    __rt_lib_init_cpp_1                      0x08000163   Thumb Code     0  libinit2.o(.ARM.Collect$$libinit$$00000032)
    __rt_lib_init_exceptions_1               0x08000163   Thumb Code     0  libinit2.o(.ARM.Collect$$libinit$$00000030)
    __rt_lib_init_fp_1                       0x08000163   Thumb Code     0  libinit2.o(.ARM.Collect$$libinit$$00000002)
    __rt_lib_init_fp_trap_1                  0x08000163   Thumb Code     0  libinit2.o(.ARM.Collect$$libinit$$0000001F)
    __rt_lib_init_getenv_1                   0x08000163   Thumb Code     0  libinit2.o(.ARM.Collect$$libinit$$00000023)
    __rt_lib_init_heap_1                     0x08000163   Thumb Code     0  libinit2.o(.ARM.Collect$$libinit$$0000000A)
    __rt_lib_init_lc_collate_1               0x08000163   Thumb Code     0  libinit2.o(.ARM.Collect$$libinit$$00000011)
    __rt_lib_init_lc_ctype_1                 0x08000163   Thumb Code     0  libinit2.o(.ARM.Collect$$libinit$$00000013)
    __rt_lib_init_lc_monetary_1              0x08000163   Thumb Code     0  libinit2.o(.ARM.Collect$$libinit$$00000015)
    __rt_lib_init_lc_numeric_1               0x08000163   Thumb Code     0  libinit2.o(.ARM.Collect$$libinit$$00000017)
    __rt_lib_init_lc_time_1                  0x08000163   Thumb Code     0  libinit2.o(.ARM.Collect$$libinit$$00000019)
    __rt_lib_init_preinit_1                  0x08000163   Thumb Code     0  libinit2.o(.ARM.Collect$$libinit$$00000004)
    __rt_lib_init_rand_1                     0x08000163   Thumb Code     0  libinit2.o(.ARM.Collect$$libinit$$0000000E)
    __rt_lib_init_return                     0x08000163   Thumb Code     0  libinit2.o(.ARM.Collect$$libinit$$00000033)
    __rt_lib_init_signal_1                   0x08000163   Thumb Code     0  libinit2.o(.ARM.Collect$$libinit$$0000001D)
    __rt_lib_init_stdio_1                    0x08000163   Thumb Code     0  libinit2.o(.ARM.Collect$$libinit$$00000025)
    __rt_lib_init_user_alloc_1               0x08000163   Thumb Code     0  libinit2.o(.ARM.Collect$$libinit$$0000000C)
    __rt_lib_shutdown                        0x08000165   Thumb Code     0  libshutdown.o(.ARM.Collect$$libshutdown$$00000000)
    __rt_lib_shutdown_cpp_1                  0x08000167   Thumb Code     0  libshutdown2.o(.ARM.Collect$$libshutdown$$00000004)
    __rt_lib_shutdown_fini_1                 0x08000167   Thumb Code     0  libshutdown2.o(.ARM.Collect$$libshutdown$$00000002)
    __rt_lib_shutdown_fp_trap_1              0x08000167   Thumb Code     0  libshutdown2.o(.ARM.Collect$$libshutdown$$00000009)
    __rt_lib_shutdown_heap_1                 0x08000167   Thumb Code     0  libshutdown2.o(.ARM.Collect$$libshutdown$$00000011)
    __rt_lib_shutdown_return                 0x08000167   Thumb Code     0  libshutdown2.o(.ARM.Collect$$libshutdown$$00000012)
    __rt_lib_shutdown_signal_1               0x08000167   Thumb Code     0  libshutdown2.o(.ARM.Collect$$libshutdown$$0000000C)
    __rt_lib_shutdown_stdio_1                0x08000167   Thumb Code     0  libshutdown2.o(.ARM.Collect$$libshutdown$$00000006)
    __rt_lib_shutdown_user_alloc_1           0x08000167   Thumb Code     0  libshutdown2.o(.ARM.Collect$$libshutdown$$0000000E)
    __rt_entry                               0x08000169   Thumb Code     0  __rtentry.o(.ARM.Collect$$rtentry$$00000000)
    __rt_entry_presh_1                       0x08000169   Thumb Code     0  __rtentry2.o(.ARM.Collect$$rtentry$$00000002)
    __rt_entry_sh                            0x08000169   Thumb Code     0  __rtentry4.o(.ARM.Collect$$rtentry$$00000004)
    __rt_entry_li                            0x0800016f   Thumb Code     0  __rtentry2.o(.ARM.Collect$$rtentry$$0000000A)
    __rt_entry_postsh_1                      0x0800016f   Thumb Code     0  __rtentry2.o(.ARM.Collect$$rtentry$$00000009)
    __rt_entry_main                          0x08000173   Thumb Code     0  __rtentry2.o(.ARM.Collect$$rtentry$$0000000D)
    __rt_entry_postli_1                      0x08000173   Thumb Code     0  __rtentry2.o(.ARM.Collect$$rtentry$$0000000C)
    __rt_exit                                0x0800017b   Thumb Code     0  rtexit.o(.ARM.Collect$$rtexit$$00000000)
    __rt_exit_ls                             0x0800017d   Thumb Code     0  rtexit2.o(.ARM.Collect$$rtexit$$00000003)
    __rt_exit_prels_1                        0x0800017d   Thumb Code     0  rtexit2.o(.ARM.Collect$$rtexit$$00000002)
    __rt_exit_exit                           0x08000181   Thumb Code     0  rtexit2.o(.ARM.Collect$$rtexit$$00000004)
    SVC_Handler                              0x08000189   Thumb Code    32  port.o(.emb_text)
    __asm___6_port_c_39a90d8d__prvStartFirstTask 0x080001ad   Thumb Code    28  port.o(.emb_text)
    PendSV_Handler                           0x080001cd   Thumb Code    72  port.o(.emb_text)
    vPortGetIPSR                             0x08000219   Thumb Code     6  port.o(.emb_text)
    Reset_Handler                            0x08000221   Thumb Code     8  startup_stm32f103xb.o(.text)
    ADC1_2_IRQHandler                        0x0800023b   Thumb Code     0  startup_stm32f103xb.o(.text)
    CAN1_RX1_IRQHandler                      0x0800023b   Thumb Code     0  startup_stm32f103xb.o(.text)
    CAN1_SCE_IRQHandler                      0x0800023b   Thumb Code     0  startup_stm32f103xb.o(.text)
    DMA1_Channel1_IRQHandler                 0x0800023b   Thumb Code     0  startup_stm32f103xb.o(.text)
    DMA1_Channel2_IRQHandler                 0x0800023b   Thumb Code     0  startup_stm32f103xb.o(.text)
    DMA1_Channel3_IRQHandler                 0x0800023b   Thumb Code     0  startup_stm32f103xb.o(.text)
    DMA1_Channel6_IRQHandler                 0x0800023b   Thumb Code     0  startup_stm32f103xb.o(.text)
    DMA1_Channel7_IRQHandler                 0x0800023b   Thumb Code     0  startup_stm32f103xb.o(.text)
    EXTI0_IRQHandler                         0x0800023b   Thumb Code     0  startup_stm32f103xb.o(.text)
    EXTI15_10_IRQHandler                     0x0800023b   Thumb Code     0  startup_stm32f103xb.o(.text)
    EXTI1_IRQHandler                         0x0800023b   Thumb Code     0  startup_stm32f103xb.o(.text)
    EXTI2_IRQHandler                         0x0800023b   Thumb Code     0  startup_stm32f103xb.o(.text)
    EXTI3_IRQHandler                         0x0800023b   Thumb Code     0  startup_stm32f103xb.o(.text)
    EXTI4_IRQHandler                         0x0800023b   Thumb Code     0  startup_stm32f103xb.o(.text)
    EXTI9_5_IRQHandler                       0x0800023b   Thumb Code     0  startup_stm32f103xb.o(.text)
    FLASH_IRQHandler                         0x0800023b   Thumb Code     0  startup_stm32f103xb.o(.text)
    I2C1_ER_IRQHandler                       0x0800023b   Thumb Code     0  startup_stm32f103xb.o(.text)
    I2C1_EV_IRQHandler                       0x0800023b   Thumb Code     0  startup_stm32f103xb.o(.text)
    I2C2_ER_IRQHandler                       0x0800023b   Thumb Code     0  startup_stm32f103xb.o(.text)
    I2C2_EV_IRQHandler                       0x0800023b   Thumb Code     0  startup_stm32f103xb.o(.text)
    PVD_IRQHandler                           0x0800023b   Thumb Code     0  startup_stm32f103xb.o(.text)
    RCC_IRQHandler                           0x0800023b   Thumb Code     0  startup_stm32f103xb.o(.text)
    RTC_Alarm_IRQHandler                     0x0800023b   Thumb Code     0  startup_stm32f103xb.o(.text)
    RTC_IRQHandler                           0x0800023b   Thumb Code     0  startup_stm32f103xb.o(.text)
    SPI1_IRQHandler                          0x0800023b   Thumb Code     0  startup_stm32f103xb.o(.text)
    SPI2_IRQHandler                          0x0800023b   Thumb Code     0  startup_stm32f103xb.o(.text)
    TAMPER_IRQHandler                        0x0800023b   Thumb Code     0  startup_stm32f103xb.o(.text)
    TIM1_BRK_IRQHandler                      0x0800023b   Thumb Code     0  startup_stm32f103xb.o(.text)
    TIM1_CC_IRQHandler                       0x0800023b   Thumb Code     0  startup_stm32f103xb.o(.text)
    TIM1_TRG_COM_IRQHandler                  0x0800023b   Thumb Code     0  startup_stm32f103xb.o(.text)
    TIM1_UP_IRQHandler                       0x0800023b   Thumb Code     0  startup_stm32f103xb.o(.text)
    TIM2_IRQHandler                          0x0800023b   Thumb Code     0  startup_stm32f103xb.o(.text)
    TIM3_IRQHandler                          0x0800023b   Thumb Code     0  startup_stm32f103xb.o(.text)
    USART2_IRQHandler                        0x0800023b   Thumb Code     0  startup_stm32f103xb.o(.text)
    USART3_IRQHandler                        0x0800023b   Thumb Code     0  startup_stm32f103xb.o(.text)
    USBWakeUp_IRQHandler                     0x0800023b   Thumb Code     0  startup_stm32f103xb.o(.text)
    USB_HP_CAN1_TX_IRQHandler                0x0800023b   Thumb Code     0  startup_stm32f103xb.o(.text)
    USB_LP_CAN1_RX0_IRQHandler               0x0800023b   Thumb Code     0  startup_stm32f103xb.o(.text)
    WWDG_IRQHandler                          0x0800023b   Thumb Code     0  startup_stm32f103xb.o(.text)
    __user_initial_stackheap                 0x0800023d   Thumb Code     0  startup_stm32f103xb.o(.text)
    __aeabi_memcpy                           0x08000261   Thumb Code     0  rt_memcpy_v6.o(.text)
    __rt_memcpy                              0x08000261   Thumb Code   138  rt_memcpy_v6.o(.text)
    _memcpy_lastbytes                        0x080002c7   Thumb Code     0  rt_memcpy_v6.o(.text)
    __aeabi_memset                           0x080002eb   Thumb Code    16  aeabi_memset.o(.text)
    __aeabi_memclr4                          0x080002fb   Thumb Code     0  rt_memclr_w.o(.text)
    __aeabi_memclr8                          0x080002fb   Thumb Code     0  rt_memclr_w.o(.text)
    __rt_memclr_w                            0x080002fb   Thumb Code    78  rt_memclr_w.o(.text)
    _memset_w                                0x080002ff   Thumb Code     0  rt_memclr_w.o(.text)
    __use_two_region_memory                  0x08000349   Thumb Code     2  heapauxi.o(.text)
    __rt_heap_escrow$2region                 0x0800034b   Thumb Code     2  heapauxi.o(.text)
    __rt_heap_expand$2region                 0x0800034d   Thumb Code     2  heapauxi.o(.text)
    __aeabi_memcpy4                          0x0800034f   Thumb Code     0  rt_memcpy_w.o(.text)
    __aeabi_memcpy8                          0x0800034f   Thumb Code     0  rt_memcpy_w.o(.text)
    __rt_memcpy_w                            0x0800034f   Thumb Code   100  rt_memcpy_w.o(.text)
    _memcpy_lastbytes_aligned                0x08000397   Thumb Code     0  rt_memcpy_w.o(.text)
    __aeabi_memclr                           0x080003b3   Thumb Code     0  rt_memclr.o(.text)
    __rt_memclr                              0x080003b3   Thumb Code    68  rt_memclr.o(.text)
    _memset                                  0x080003b7   Thumb Code     0  rt_memclr.o(.text)
    __user_setup_stackheap                   0x080003f7   Thumb Code    74  sys_stackheap_outer.o(.text)
    exit                                     0x08000441   Thumb Code    18  exit.o(.text)
    __user_libspace                          0x08000455   Thumb Code     8  libspace.o(.text)
    __user_perproc_libspace                  0x08000455   Thumb Code     0  libspace.o(.text)
    __user_perthread_libspace                0x08000455   Thumb Code     0  libspace.o(.text)
    _sys_exit                                0x0800045d   Thumb Code     8  sys_exit.o(.text)
    __I$use$semihosting                      0x08000469   Thumb Code     0  use_no_semi.o(.text)
    __use_no_semihosting_swi                 0x08000469   Thumb Code     2  use_no_semi.o(.text)
    __semihosting_library_function           0x0800046b   Thumb Code     0  indicate_semi.o(.text)
    ADC_ConversionStop_Disable               0x0800046d   Thumb Code    86  stm32f1xx_hal_adc.o(i.ADC_ConversionStop_Disable)
    BusFault_Handler                         0x080004c3   Thumb Code     2  stm32f1xx_it.o(i.BusFault_Handler)
    DMA1_Channel4_IRQHandler                 0x080004c5   Thumb Code     6  stm32f1xx_it.o(i.DMA1_Channel4_IRQHandler)
    DMA1_Channel5_IRQHandler                 0x080004d1   Thumb Code     6  stm32f1xx_it.o(i.DMA1_Channel5_IRQHandler)
    DebugMon_Handler                         0x080004dd   Thumb Code     2  stm32f1xx_it.o(i.DebugMon_Handler)
    DisplayButtonUp                          0x080004df   Thumb Code   126  gui.o(i.DisplayButtonUp)
    Error_Handler                            0x0800055d   Thumb Code     4  main.o(i.Error_Handler)
    Gui_DrawFont_GBK16                       0x08000561   Thumb Code   364  gui.o(i.Gui_DrawFont_GBK16)
    Gui_DrawLine                             0x080006d5   Thumb Code   170  gui.o(i.Gui_DrawLine)
    Gui_DrawPoint                            0x0800077f   Thumb Code    26  lcd_driver.o(i.Gui_DrawPoint)
    HAL_ADC_ConfigChannel                    0x08000799   Thumb Code   240  stm32f1xx_hal_adc.o(i.HAL_ADC_ConfigChannel)
    HAL_ADC_Init                             0x08000895   Thumb Code   272  stm32f1xx_hal_adc.o(i.HAL_ADC_Init)
    HAL_ADC_MspInit                          0x080009b1   Thumb Code    76  adc.o(i.HAL_ADC_MspInit)
    HAL_DMA_Abort                            0x08000a09   Thumb Code    70  stm32f1xx_hal_dma.o(i.HAL_DMA_Abort)
    HAL_DMA_Abort_IT                         0x08000a51   Thumb Code   148  stm32f1xx_hal_dma.o(i.HAL_DMA_Abort_IT)
    HAL_DMA_IRQHandler                       0x08000ae9   Thumb Code   316  stm32f1xx_hal_dma.o(i.HAL_DMA_IRQHandler)
    HAL_DMA_Init                             0x08000c3d   Thumb Code    84  stm32f1xx_hal_dma.o(i.HAL_DMA_Init)
    HAL_Delay                                0x08000c99   Thumb Code    32  stm32f1xx_hal.o(i.HAL_Delay)
    HAL_GPIO_Init                            0x08000cbd   Thumb Code   446  stm32f1xx_hal_gpio.o(i.HAL_GPIO_Init)
    HAL_GPIO_TogglePin                       0x08000e9d   Thumb Code    16  stm32f1xx_hal_gpio.o(i.HAL_GPIO_TogglePin)
    HAL_GPIO_WritePin                        0x08000ead   Thumb Code    10  stm32f1xx_hal_gpio.o(i.HAL_GPIO_WritePin)
    HAL_GetTick                              0x08000eb9   Thumb Code     6  stm32f1xx_hal.o(i.HAL_GetTick)
    HAL_IncTick                              0x08000ec5   Thumb Code    12  stm32f1xx_hal.o(i.HAL_IncTick)
    HAL_Init                                 0x08000ed5   Thumb Code    32  stm32f1xx_hal.o(i.HAL_Init)
    HAL_InitTick                             0x08000ef9   Thumb Code   100  stm32f1xx_hal_timebase_tim.o(i.HAL_InitTick)
    HAL_MspInit                              0x08000f6d   Thumb Code    62  stm32f1xx_hal_msp.o(i.HAL_MspInit)
    HAL_NVIC_EnableIRQ                       0x08000fb5   Thumb Code    26  stm32f1xx_hal_cortex.o(i.HAL_NVIC_EnableIRQ)
    HAL_NVIC_SetPriority                     0x08000fd1   Thumb Code    60  stm32f1xx_hal_cortex.o(i.HAL_NVIC_SetPriority)
    HAL_NVIC_SetPriorityGrouping             0x08001011   Thumb Code    26  stm32f1xx_hal_cortex.o(i.HAL_NVIC_SetPriorityGrouping)
    HAL_RCCEx_PeriphCLKConfig                0x08001035   Thumb Code   224  stm32f1xx_hal_rcc_ex.o(i.HAL_RCCEx_PeriphCLKConfig)
    HAL_RCC_ClockConfig                      0x08001121   Thumb Code   280  stm32f1xx_hal_rcc.o(i.HAL_RCC_ClockConfig)
    HAL_RCC_GetClockConfig                   0x0800124d   Thumb Code    54  stm32f1xx_hal_rcc.o(i.HAL_RCC_GetClockConfig)
    HAL_RCC_GetPCLK1Freq                     0x0800128d   Thumb Code    20  stm32f1xx_hal_rcc.o(i.HAL_RCC_GetPCLK1Freq)
    HAL_RCC_GetPCLK2Freq                     0x080012ad   Thumb Code    20  stm32f1xx_hal_rcc.o(i.HAL_RCC_GetPCLK2Freq)
    HAL_RCC_GetSysClockFreq                  0x080012cd   Thumb Code    58  stm32f1xx_hal_rcc.o(i.HAL_RCC_GetSysClockFreq)
    HAL_RCC_OscConfig                        0x08001319   Thumb Code   778  stm32f1xx_hal_rcc.o(i.HAL_RCC_OscConfig)
    HAL_SPI_Init                             0x08001639   Thumb Code   178  stm32f1xx_hal_spi.o(i.HAL_SPI_Init)
    HAL_SPI_MspInit                          0x080016ed   Thumb Code    98  spi.o(i.HAL_SPI_MspInit)
    HAL_SPI_Transmit                         0x0800175d   Thumb Code   366  stm32f1xx_hal_spi.o(i.HAL_SPI_Transmit)
    HAL_TIMEx_BreakCallback                  0x080018cb   Thumb Code     2  stm32f1xx_hal_tim_ex.o(i.HAL_TIMEx_BreakCallback)
    HAL_TIMEx_CommutCallback                 0x080018cd   Thumb Code     2  stm32f1xx_hal_tim_ex.o(i.HAL_TIMEx_CommutCallback)
    HAL_TIM_Base_Init                        0x080018cf   Thumb Code    90  stm32f1xx_hal_tim.o(i.HAL_TIM_Base_Init)
    HAL_TIM_Base_MspInit                     0x08001929   Thumb Code     2  stm32f1xx_hal_tim.o(i.HAL_TIM_Base_MspInit)
    HAL_TIM_Base_Start_IT                    0x0800192d   Thumb Code    76  stm32f1xx_hal_tim.o(i.HAL_TIM_Base_Start_IT)
    HAL_TIM_IC_CaptureCallback               0x08001985   Thumb Code     2  stm32f1xx_hal_tim.o(i.HAL_TIM_IC_CaptureCallback)
    HAL_TIM_IRQHandler                       0x08001987   Thumb Code   358  stm32f1xx_hal_tim.o(i.HAL_TIM_IRQHandler)
    HAL_TIM_OC_DelayElapsedCallback          0x08001aed   Thumb Code     2  stm32f1xx_hal_tim.o(i.HAL_TIM_OC_DelayElapsedCallback)
    HAL_TIM_PWM_PulseFinishedCallback        0x08001aef   Thumb Code     2  stm32f1xx_hal_tim.o(i.HAL_TIM_PWM_PulseFinishedCallback)
    HAL_TIM_PeriodElapsedCallback            0x08001af1   Thumb Code    14  main.o(i.HAL_TIM_PeriodElapsedCallback)
    HAL_TIM_TriggerCallback                  0x08001b05   Thumb Code     2  stm32f1xx_hal_tim.o(i.HAL_TIM_TriggerCallback)
    HAL_UARTEx_RxEventCallback               0x08001b07   Thumb Code     2  stm32f1xx_hal_uart.o(i.HAL_UARTEx_RxEventCallback)
    HAL_UART_ErrorCallback                   0x08001b09   Thumb Code     2  stm32f1xx_hal_uart.o(i.HAL_UART_ErrorCallback)
    HAL_UART_IRQHandler                      0x08001b0d   Thumb Code   616  stm32f1xx_hal_uart.o(i.HAL_UART_IRQHandler)
    HAL_UART_Init                            0x08001d79   Thumb Code   100  stm32f1xx_hal_uart.o(i.HAL_UART_Init)
    HAL_UART_MspInit                         0x08001ddd   Thumb Code   198  usart.o(i.HAL_UART_MspInit)
    HAL_UART_RxCpltCallback                  0x08001eb9   Thumb Code     2  stm32f1xx_hal_uart.o(i.HAL_UART_RxCpltCallback)
    HAL_UART_TxCpltCallback                  0x08001ebb   Thumb Code     2  stm32f1xx_hal_uart.o(i.HAL_UART_TxCpltCallback)
    HardFault_Handler                        0x08001ebd   Thumb Code     2  stm32f1xx_it.o(i.HardFault_Handler)
    LCD_WriteData_16Bit                      0x08001ec1   Thumb Code    30  lcd_driver.o(i.LCD_WriteData_16Bit)
    LcdTask                                  0x08001ee5   Thumb Code    16  freertos.o(i.LcdTask)
    Lcd_Clear                                0x08001ef5   Thumb Code    46  lcd_driver.o(i.Lcd_Clear)
    Lcd_Init                                 0x08001f23   Thumb Code   544  lcd_driver.o(i.Lcd_Init)
    Lcd_Reset                                0x08002145   Thumb Code    40  lcd_driver.o(i.Lcd_Reset)
    Lcd_SetRegion                            0x08002171   Thumb Code    86  lcd_driver.o(i.Lcd_SetRegion)
    Lcd_SetXY                                0x080021c7   Thumb Code     8  lcd_driver.o(i.Lcd_SetXY)
    Lcd_WriteData                            0x080021d1   Thumb Code    24  lcd_driver.o(i.Lcd_WriteData)
    Lcd_WriteIndex                           0x080021ed   Thumb Code    24  lcd_driver.o(i.Lcd_WriteIndex)
    MX_ADC1_Init                             0x08002209   Thumb Code    68  adc.o(i.MX_ADC1_Init)
    MX_DMA_Init                              0x08002255   Thumb Code    56  dma.o(i.MX_DMA_Init)
    MX_FREERTOS_Init                         0x08002291   Thumb Code    60  freertos.o(i.MX_FREERTOS_Init)
    MX_GPIO_Init                             0x080022e5   Thumb Code   166  gpio.o(i.MX_GPIO_Init)
    MX_SPI1_Init                             0x08002399   Thumb Code    62  spi.o(i.MX_SPI1_Init)
    MX_USART1_UART_Init                      0x080023e1   Thumb Code    48  usart.o(i.MX_USART1_UART_Init)
    MemManage_Handler                        0x08002419   Thumb Code     2  stm32f1xx_it.o(i.MemManage_Handler)
    NMI_Handler                              0x0800241b   Thumb Code     2  stm32f1xx_it.o(i.NMI_Handler)
    Redraw_Mainmenu                          0x0800241d   Thumb Code   146  qdtft_demo.o(i.Redraw_Mainmenu)
    SPI_WriteData                            0x080025d9   Thumb Code    18  lcd_driver.o(i.SPI_WriteData)
    SysTick_Handler                          0x080025f1   Thumb Code    38  port.o(i.SysTick_Handler)
    SystemClock_Config                       0x0800261d   Thumb Code   120  main.o(i.SystemClock_Config)
    SystemInit                               0x08002695   Thumb Code     2  system_stm32f1xx.o(i.SystemInit)
    TIM4_IRQHandler                          0x08002699   Thumb Code     6  stm32f1xx_it.o(i.TIM4_IRQHandler)
    TIM_Base_SetConfig                       0x080026a5   Thumb Code    94  stm32f1xx_hal_tim.o(i.TIM_Base_SetConfig)
    USART1_IRQHandler                        0x080028e9   Thumb Code     6  stm32f1xx_it.o(i.USART1_IRQHandler)
    UsageFault_Handler                       0x080028f5   Thumb Code     2  stm32f1xx_it.o(i.UsageFault_Handler)
    flashTask                                0x08002917   Thumb Code     8  freertos.o(i.flashTask)
    gsmTask                                  0x0800291f   Thumb Code     8  freertos.o(i.gsmTask)
    keybordTask                              0x08002929   Thumb Code    18  freertos.o(i.keybordTask)
    main                                     0x08002941   Thumb Code    42  main.o(i.main)
    osDelay                                  0x0800296d   Thumb Code    46  cmsis_os2.o(i.osDelay)
    osKernelInitialize                       0x080029a1   Thumb Code    50  cmsis_os2.o(i.osKernelInitialize)
    osKernelStart                            0x080029d9   Thumb Code    58  cmsis_os2.o(i.osKernelStart)
    osThreadNew                              0x08002a19   Thumb Code   160  cmsis_os2.o(i.osThreadNew)
    pvPortMalloc                             0x08003201   Thumb Code   210  heap_4.o(i.pvPortMalloc)
    pxPortInitialiseStack                    0x080032d9   Thumb Code    32  port.o(i.pxPortInitialiseStack)
    uxListRemove                             0x080032fd   Thumb Code    38  list.o(i.uxListRemove)
    vApplicationGetIdleTaskMemory            0x08003325   Thumb Code    16  cmsis_os2.o(i.vApplicationGetIdleTaskMemory)
    vApplicationGetTimerTaskMemory           0x08003339   Thumb Code    18  cmsis_os2.o(i.vApplicationGetTimerTaskMemory)
    vListInitialise                          0x08003351   Thumb Code    22  list.o(i.vListInitialise)
    vListInitialiseItem                      0x08003367   Thumb Code     6  list.o(i.vListInitialiseItem)
    vListInsert                              0x0800336d   Thumb Code    48  list.o(i.vListInsert)
    vListInsertEnd                           0x0800339d   Thumb Code    24  list.o(i.vListInsertEnd)
    vPortEnterCritical                       0x080033b5   Thumb Code    54  port.o(i.vPortEnterCritical)
    vPortExitCritical                        0x080033f5   Thumb Code    34  port.o(i.vPortExitCritical)
    vPortFree                                0x0800341d   Thumb Code    88  heap_4.o(i.vPortFree)
    vPortSetupTimerInterrupt                 0x08003479   Thumb Code    32  port.o(i.vPortSetupTimerInterrupt)
    vPortValidateInterruptPriority           0x0800349d   Thumb Code    74  port.o(i.vPortValidateInterruptPriority)
    vQueueAddToRegistry                      0x080034f1   Thumb Code    34  queue.o(i.vQueueAddToRegistry)
    vQueueWaitForMessageRestricted           0x08003519   Thumb Code    68  queue.o(i.vQueueWaitForMessageRestricted)
    vTaskDelay                               0x0800355d   Thumb Code    66  tasks.o(i.vTaskDelay)
    vTaskInternalSetTimeOutState             0x080035a9   Thumb Code    12  tasks.o(i.vTaskInternalSetTimeOutState)
    vTaskMissedYield                         0x080035b9   Thumb Code     8  tasks.o(i.vTaskMissedYield)
    vTaskPlaceOnEventList                    0x080035c5   Thumb Code    44  tasks.o(i.vTaskPlaceOnEventList)
    vTaskPlaceOnEventListRestricted          0x080035f5   Thumb Code    52  tasks.o(i.vTaskPlaceOnEventListRestricted)
    vTaskStartScheduler                      0x0800362d   Thumb Code   118  tasks.o(i.vTaskStartScheduler)
    vTaskSuspendAll                          0x080036b5   Thumb Code    10  tasks.o(i.vTaskSuspendAll)
    vTaskSwitchContext                       0x080036c5   Thumb Code    90  tasks.o(i.vTaskSwitchContext)
    xPortStartScheduler                      0x08003729   Thumb Code   154  port.o(i.xPortStartScheduler)
    xQueueGenericCreateStatic                0x080037d1   Thumb Code   102  queue.o(i.xQueueGenericCreateStatic)
    xQueueGenericReset                       0x08003839   Thumb Code   132  queue.o(i.xQueueGenericReset)
    xQueueGenericSend                        0x080038c1   Thumb Code   346  queue.o(i.xQueueGenericSend)
    xQueueGenericSendFromISR                 0x08003a21   Thumb Code   188  queue.o(i.xQueueGenericSendFromISR)
    xQueueReceive                            0x08003add   Thumb Code   308  queue.o(i.xQueueReceive)
    xTaskCheckForTimeOut                     0x08003c15   Thumb Code   112  tasks.o(i.xTaskCheckForTimeOut)
    xTaskCreate                              0x08003c89   Thumb Code    90  tasks.o(i.xTaskCreate)
    xTaskCreateStatic                        0x08003ce3   Thumb Code    86  tasks.o(i.xTaskCreateStatic)
    xTaskGetSchedulerState                   0x08003d39   Thumb Code    22  tasks.o(i.xTaskGetSchedulerState)
    xTaskGetTickCount                        0x08003d55   Thumb Code     6  tasks.o(i.xTaskGetTickCount)
    xTaskIncrementTick                       0x08003d61   Thumb Code   190  tasks.o(i.xTaskIncrementTick)
    xTaskPriorityDisinherit                  0x08003e29   Thumb Code   118  tasks.o(i.xTaskPriorityDisinherit)
    xTaskRemoveFromEventList                 0x08003ea9   Thumb Code    98  tasks.o(i.xTaskRemoveFromEventList)
    xTaskResumeAll                           0x08003f19   Thumb Code   182  tasks.o(i.xTaskResumeAll)
    xTimerCreateTimerTask                    0x08003fdd   Thumb Code    78  timers.o(i.xTimerCreateTimerTask)
    xTimerGenericCommand                     0x0800403d   Thumb Code    98  timers.o(i.xTimerGenericCommand)
    LCDTask_attributes                       0x080040a4   Data          36  freertos.o(.constdata)
    KeyBordTask_attributes                   0x080040c8   Data          36  freertos.o(.constdata)
    GSMTask_attributes                       0x080040ec   Data          36  freertos.o(.constdata)
    FLASHTask_attributes                     0x08004110   Data          36  freertos.o(.constdata)
    AHBPrescTable                            0x08004146   Data          16  system_stm32f1xx.o(.constdata)
    APBPrescTable                            0x08004156   Data           8  system_stm32f1xx.o(.constdata)
    asc16                                    0x0800415e   Data        1521  gui.o(.constdata)
    sz32                                     0x0800474f   Data        1921  gui.o(.constdata)
    hz16                                     0x08004ed0   Data        1768  gui.o(.constdata)
    hz24                                     0x080055b8   Data        1406  gui.o(.constdata)
    Region$$Table$$Base                      0x08005b60   Number         0  anon$$obj.o(Region$$Table)
    Region$$Table$$Limit                     0x08005b80   Number         0  anon$$obj.o(Region$$Table)
    LCDTaskHandle                            0x20000000   Data           4  freertos.o(.data)
    KeyBordTaskHandle                        0x20000004   Data           4  freertos.o(.data)
    GSMTaskHandle                            0x20000008   Data           4  freertos.o(.data)
    FLASHTaskHandle                          0x2000000c   Data           4  freertos.o(.data)
    uwTickFreq                               0x20000010   Data           1  stm32f1xx_hal.o(.data)
    uwTickPrio                               0x20000014   Data           4  stm32f1xx_hal.o(.data)
    uwTick                                   0x20000018   Data           4  stm32f1xx_hal.o(.data)
    SystemCoreClock                          0x2000001c   Data           4  system_stm32f1xx.o(.data)
    pxCurrentTCB                             0x20000020   Data           4  tasks.o(.data)
    hadc1                                    0x20000098   Data          48  adc.o(.bss)
    hspi1                                    0x200000c8   Data          88  spi.o(.bss)
    huart1                                   0x20000120   Data          72  usart.o(.bss)
    hdma_usart1_rx                           0x20000168   Data          68  usart.o(.bss)
    hdma_usart1_tx                           0x200001ac   Data          68  usart.o(.bss)
    htim4                                    0x200001f0   Data          72  stm32f1xx_hal_timebase_tim.o(.bss)
    xQueueRegistry                           0x20000238   Data          64  queue.o(.bss)
    __libspace_start                         0x20001b0c   Data          96  libspace.o(.bss)
    __temporary_stack_top$libspace           0x20001b6c   Data           0  libspace.o(.bss)



==============================================================================

Memory Map of the image

  Image Entry point : 0x080000ed

  Load Region LR_IROM1 (Base: 0x08000000, Size: 0x00005c18, Max: 0x00010000, ABSOLUTE)

    Execution Region ER_IROM1 (Exec base: 0x08000000, Load base: 0x08000000, Size: 0x00005b80, Max: 0x00010000, ABSOLUTE)

    Exec Addr    Load Addr    Size         Type   Attr      Idx    E Section Name        Object

    0x08000000   0x08000000   0x000000ec   Data   RO            3    RESET               startup_stm32f103xb.o
    0x080000ec   0x080000ec   0x00000008   Code   RO         5438  * !!!main             c_w.l(__main.o)
    0x080000f4   0x080000f4   0x00000034   Code   RO         5601    !!!scatter          c_w.l(__scatter.o)
    0x08000128   0x08000128   0x0000001a   Code   RO         5603    !!handler_copy      c_w.l(__scatter_copy.o)
    0x08000142   0x08000142   0x00000002   PAD
    0x08000144   0x08000144   0x0000001c   Code   RO         5605    !!handler_zi        c_w.l(__scatter_zi.o)
    0x08000160   0x08000160   0x00000002   Code   RO         5469    .ARM.Collect$$libinit$$00000000  c_w.l(libinit.o)
    0x08000162   0x08000162   0x00000000   Code   RO         5476    .ARM.Collect$$libinit$$00000002  c_w.l(libinit2.o)
    0x08000162   0x08000162   0x00000000   Code   RO         5478    .ARM.Collect$$libinit$$00000004  c_w.l(libinit2.o)
    0x08000162   0x08000162   0x00000000   Code   RO         5481    .ARM.Collect$$libinit$$0000000A  c_w.l(libinit2.o)
    0x08000162   0x08000162   0x00000000   Code   RO         5483    .ARM.Collect$$libinit$$0000000C  c_w.l(libinit2.o)
    0x08000162   0x08000162   0x00000000   Code   RO         5485    .ARM.Collect$$libinit$$0000000E  c_w.l(libinit2.o)
    0x08000162   0x08000162   0x00000000   Code   RO         5488    .ARM.Collect$$libinit$$00000011  c_w.l(libinit2.o)
    0x08000162   0x08000162   0x00000000   Code   RO         5490    .ARM.Collect$$libinit$$00000013  c_w.l(libinit2.o)
    0x08000162   0x08000162   0x00000000   Code   RO         5492    .ARM.Collect$$libinit$$00000015  c_w.l(libinit2.o)
    0x08000162   0x08000162   0x00000000   Code   RO         5494    .ARM.Collect$$libinit$$00000017  c_w.l(libinit2.o)
    0x08000162   0x08000162   0x00000000   Code   RO         5496    .ARM.Collect$$libinit$$00000019  c_w.l(libinit2.o)
    0x08000162   0x08000162   0x00000000   Code   RO         5498    .ARM.Collect$$libinit$$0000001B  c_w.l(libinit2.o)
    0x08000162   0x08000162   0x00000000   Code   RO         5500    .ARM.Collect$$libinit$$0000001D  c_w.l(libinit2.o)
    0x08000162   0x08000162   0x00000000   Code   RO         5502    .ARM.Collect$$libinit$$0000001F  c_w.l(libinit2.o)
    0x08000162   0x08000162   0x00000000   Code   RO         5504    .ARM.Collect$$libinit$$00000021  c_w.l(libinit2.o)
    0x08000162   0x08000162   0x00000000   Code   RO         5506    .ARM.Collect$$libinit$$00000023  c_w.l(libinit2.o)
    0x08000162   0x08000162   0x00000000   Code   RO         5508    .ARM.Collect$$libinit$$00000025  c_w.l(libinit2.o)
    0x08000162   0x08000162   0x00000000   Code   RO         5512    .ARM.Collect$$libinit$$0000002C  c_w.l(libinit2.o)
    0x08000162   0x08000162   0x00000000   Code   RO         5514    .ARM.Collect$$libinit$$0000002E  c_w.l(libinit2.o)
    0x08000162   0x08000162   0x00000000   Code   RO         5516    .ARM.Collect$$libinit$$00000030  c_w.l(libinit2.o)
    0x08000162   0x08000162   0x00000000   Code   RO         5518    .ARM.Collect$$libinit$$00000032  c_w.l(libinit2.o)
    0x08000162   0x08000162   0x00000002   Code   RO         5519    .ARM.Collect$$libinit$$00000033  c_w.l(libinit2.o)
    0x08000164   0x08000164   0x00000002   Code   RO         5539    .ARM.Collect$$libshutdown$$00000000  c_w.l(libshutdown.o)
    0x08000166   0x08000166   0x00000000   Code   RO         5552    .ARM.Collect$$libshutdown$$00000002  c_w.l(libshutdown2.o)
    0x08000166   0x08000166   0x00000000   Code   RO         5554    .ARM.Collect$$libshutdown$$00000004  c_w.l(libshutdown2.o)
    0x08000166   0x08000166   0x00000000   Code   RO         5556    .ARM.Collect$$libshutdown$$00000006  c_w.l(libshutdown2.o)
    0x08000166   0x08000166   0x00000000   Code   RO         5559    .ARM.Collect$$libshutdown$$00000009  c_w.l(libshutdown2.o)
    0x08000166   0x08000166   0x00000000   Code   RO         5562    .ARM.Collect$$libshutdown$$0000000C  c_w.l(libshutdown2.o)
    0x08000166   0x08000166   0x00000000   Code   RO         5564    .ARM.Collect$$libshutdown$$0000000E  c_w.l(libshutdown2.o)
    0x08000166   0x08000166   0x00000000   Code   RO         5567    .ARM.Collect$$libshutdown$$00000011  c_w.l(libshutdown2.o)
    0x08000166   0x08000166   0x00000002   Code   RO         5568    .ARM.Collect$$libshutdown$$00000012  c_w.l(libshutdown2.o)
    0x08000168   0x08000168   0x00000000   Code   RO         5440    .ARM.Collect$$rtentry$$00000000  c_w.l(__rtentry.o)
    0x08000168   0x08000168   0x00000000   Code   RO         5446    .ARM.Collect$$rtentry$$00000002  c_w.l(__rtentry2.o)
    0x08000168   0x08000168   0x00000006   Code   RO         5458    .ARM.Collect$$rtentry$$00000004  c_w.l(__rtentry4.o)
    0x0800016e   0x0800016e   0x00000000   Code   RO         5448    .ARM.Collect$$rtentry$$00000009  c_w.l(__rtentry2.o)
    0x0800016e   0x0800016e   0x00000004   Code   RO         5449    .ARM.Collect$$rtentry$$0000000A  c_w.l(__rtentry2.o)
    0x08000172   0x08000172   0x00000000   Code   RO         5451    .ARM.Collect$$rtentry$$0000000C  c_w.l(__rtentry2.o)
    0x08000172   0x08000172   0x00000008   Code   RO         5452    .ARM.Collect$$rtentry$$0000000D  c_w.l(__rtentry2.o)
    0x0800017a   0x0800017a   0x00000002   Code   RO         5473    .ARM.Collect$$rtexit$$00000000  c_w.l(rtexit.o)
    0x0800017c   0x0800017c   0x00000000   Code   RO         5521    .ARM.Collect$$rtexit$$00000002  c_w.l(rtexit2.o)
    0x0800017c   0x0800017c   0x00000004   Code   RO         5522    .ARM.Collect$$rtexit$$00000003  c_w.l(rtexit2.o)
    0x08000180   0x08000180   0x00000006   Code   RO         5523    .ARM.Collect$$rtexit$$00000004  c_w.l(rtexit2.o)
    0x08000186   0x08000186   0x00000002   PAD
    0x08000188   0x08000188   0x00000096   Code   RO         5113    .emb_text           port.o
    0x0800021e   0x0800021e   0x00000002   PAD
    0x08000220   0x08000220   0x00000040   Code   RO            4    .text               startup_stm32f103xb.o
    0x08000260   0x08000260   0x0000008a   Code   RO         5428    .text               c_w.l(rt_memcpy_v6.o)
    0x080002ea   0x080002ea   0x00000010   Code   RO         5432    .text               c_w.l(aeabi_memset.o)
    0x080002fa   0x080002fa   0x0000004e   Code   RO         5434    .text               c_w.l(rt_memclr_w.o)
    0x08000348   0x08000348   0x00000006   Code   RO         5436    .text               c_w.l(heapauxi.o)
    0x0800034e   0x0800034e   0x00000064   Code   RO         5441    .text               c_w.l(rt_memcpy_w.o)
    0x080003b2   0x080003b2   0x00000044   Code   RO         5443    .text               c_w.l(rt_memclr.o)
    0x080003f6   0x080003f6   0x0000004a   Code   RO         5460    .text               c_w.l(sys_stackheap_outer.o)
    0x08000440   0x08000440   0x00000012   Code   RO         5462    .text               c_w.l(exit.o)
    0x08000452   0x08000452   0x00000002   PAD
    0x08000454   0x08000454   0x00000008   Code   RO         5470    .text               c_w.l(libspace.o)
    0x0800045c   0x0800045c   0x0000000c   Code   RO         5531    .text               c_w.l(sys_exit.o)
    0x08000468   0x08000468   0x00000002   Code   RO         5542    .text               c_w.l(use_no_semi.o)
    0x0800046a   0x0800046a   0x00000000   Code   RO         5544    .text               c_w.l(indicate_semi.o)
    0x0800046a   0x0800046a   0x00000002   PAD
    0x0800046c   0x0800046c   0x00000056   Code   RO          625    i.ADC_ConversionStop_Disable  stm32f1xx_hal_adc.o
    0x080004c2   0x080004c2   0x00000002   Code   RO          444    i.BusFault_Handler  stm32f1xx_it.o
    0x080004c4   0x080004c4   0x0000000c   Code   RO          445    i.DMA1_Channel4_IRQHandler  stm32f1xx_it.o
    0x080004d0   0x080004d0   0x0000000c   Code   RO          446    i.DMA1_Channel5_IRQHandler  stm32f1xx_it.o
    0x080004dc   0x080004dc   0x00000002   Code   RO          447    i.DebugMon_Handler  stm32f1xx_it.o
    0x080004de   0x080004de   0x0000007e   Code   RO         5282    i.DisplayButtonUp   gui.o
    0x0800055c   0x0800055c   0x00000004   Code   RO           13    i.Error_Handler     main.o
    0x08000560   0x08000560   0x00000174   Code   RO         5284    i.Gui_DrawFont_GBK16  gui.o
    0x080006d4   0x080006d4   0x000000aa   Code   RO         5287    i.Gui_DrawLine      gui.o
    0x0800077e   0x0800077e   0x0000001a   Code   RO         5193    i.Gui_DrawPoint     lcd_driver.o
    0x08000798   0x08000798   0x000000fc   Code   RO          631    i.HAL_ADC_ConfigChannel  stm32f1xx_hal_adc.o
    0x08000894   0x08000894   0x0000011c   Code   RO          640    i.HAL_ADC_Init      stm32f1xx_hal_adc.o
    0x080009b0   0x080009b0   0x00000058   Code   RO          295    i.HAL_ADC_MspInit   adc.o
    0x08000a08   0x08000a08   0x00000046   Code   RO         1282    i.HAL_DMA_Abort     stm32f1xx_hal_dma.o
    0x08000a4e   0x08000a4e   0x00000002   PAD
    0x08000a50   0x08000a50   0x00000098   Code   RO         1283    i.HAL_DMA_Abort_IT  stm32f1xx_hal_dma.o
    0x08000ae8   0x08000ae8   0x00000154   Code   RO         1287    i.HAL_DMA_IRQHandler  stm32f1xx_hal_dma.o
    0x08000c3c   0x08000c3c   0x0000005c   Code   RO         1288    i.HAL_DMA_Init      stm32f1xx_hal_dma.o
    0x08000c98   0x08000c98   0x00000024   Code   RO          908    i.HAL_Delay         stm32f1xx_hal.o
    0x08000cbc   0x08000cbc   0x000001e0   Code   RO         1218    i.HAL_GPIO_Init     stm32f1xx_hal_gpio.o
    0x08000e9c   0x08000e9c   0x00000010   Code   RO         1221    i.HAL_GPIO_TogglePin  stm32f1xx_hal_gpio.o
    0x08000eac   0x08000eac   0x0000000a   Code   RO         1222    i.HAL_GPIO_WritePin  stm32f1xx_hal_gpio.o
    0x08000eb6   0x08000eb6   0x00000002   PAD
    0x08000eb8   0x08000eb8   0x0000000c   Code   RO          912    i.HAL_GetTick       stm32f1xx_hal.o
    0x08000ec4   0x08000ec4   0x00000010   Code   RO          918    i.HAL_IncTick       stm32f1xx_hal.o
    0x08000ed4   0x08000ed4   0x00000024   Code   RO          919    i.HAL_Init          stm32f1xx_hal.o
    0x08000ef8   0x08000ef8   0x00000074   Code   RO          550    i.HAL_InitTick      stm32f1xx_hal_timebase_tim.o
    0x08000f6c   0x08000f6c   0x00000048   Code   RO          526    i.HAL_MspInit       stm32f1xx_hal_msp.o
    0x08000fb4   0x08000fb4   0x0000001a   Code   RO         1378    i.HAL_NVIC_EnableIRQ  stm32f1xx_hal_cortex.o
    0x08000fce   0x08000fce   0x00000002   PAD
    0x08000fd0   0x08000fd0   0x00000040   Code   RO         1384    i.HAL_NVIC_SetPriority  stm32f1xx_hal_cortex.o
    0x08001010   0x08001010   0x00000024   Code   RO         1385    i.HAL_NVIC_SetPriorityGrouping  stm32f1xx_hal_cortex.o
    0x08001034   0x08001034   0x000000ec   Code   RO         1180    i.HAL_RCCEx_PeriphCLKConfig  stm32f1xx_hal_rcc_ex.o
    0x08001120   0x08001120   0x0000012c   Code   RO         1076    i.HAL_RCC_ClockConfig  stm32f1xx_hal_rcc.o
    0x0800124c   0x0800124c   0x00000040   Code   RO         1080    i.HAL_RCC_GetClockConfig  stm32f1xx_hal_rcc.o
    0x0800128c   0x0800128c   0x00000020   Code   RO         1083    i.HAL_RCC_GetPCLK1Freq  stm32f1xx_hal_rcc.o
    0x080012ac   0x080012ac   0x00000020   Code   RO         1084    i.HAL_RCC_GetPCLK2Freq  stm32f1xx_hal_rcc.o
    0x080012cc   0x080012cc   0x0000004c   Code   RO         1085    i.HAL_RCC_GetSysClockFreq  stm32f1xx_hal_rcc.o
    0x08001318   0x08001318   0x00000320   Code   RO         1088    i.HAL_RCC_OscConfig  stm32f1xx_hal_rcc.o
    0x08001638   0x08001638   0x000000b2   Code   RO         1889    i.HAL_SPI_Init      stm32f1xx_hal_spi.o
    0x080016ea   0x080016ea   0x00000002   PAD
    0x080016ec   0x080016ec   0x00000070   Code   RO          361    i.HAL_SPI_MspInit   spi.o
    0x0800175c   0x0800175c   0x0000016e   Code   RO         1897    i.HAL_SPI_Transmit  stm32f1xx_hal_spi.o
    0x080018ca   0x080018ca   0x00000002   Code   RO         2906    i.HAL_TIMEx_BreakCallback  stm32f1xx_hal_tim_ex.o
    0x080018cc   0x080018cc   0x00000002   Code   RO         2907    i.HAL_TIMEx_CommutCallback  stm32f1xx_hal_tim_ex.o
    0x080018ce   0x080018ce   0x0000005a   Code   RO         2202    i.HAL_TIM_Base_Init  stm32f1xx_hal_tim.o
    0x08001928   0x08001928   0x00000002   Code   RO         2204    i.HAL_TIM_Base_MspInit  stm32f1xx_hal_tim.o
    0x0800192a   0x0800192a   0x00000002   PAD
    0x0800192c   0x0800192c   0x00000058   Code   RO         2207    i.HAL_TIM_Base_Start_IT  stm32f1xx_hal_tim.o
    0x08001984   0x08001984   0x00000002   Code   RO         2236    i.HAL_TIM_IC_CaptureCallback  stm32f1xx_hal_tim.o
    0x08001986   0x08001986   0x00000166   Code   RO         2250    i.HAL_TIM_IRQHandler  stm32f1xx_hal_tim.o
    0x08001aec   0x08001aec   0x00000002   Code   RO         2253    i.HAL_TIM_OC_DelayElapsedCallback  stm32f1xx_hal_tim.o
    0x08001aee   0x08001aee   0x00000002   Code   RO         2280    i.HAL_TIM_PWM_PulseFinishedCallback  stm32f1xx_hal_tim.o
    0x08001af0   0x08001af0   0x00000014   Code   RO           14    i.HAL_TIM_PeriodElapsedCallback  main.o
    0x08001b04   0x08001b04   0x00000002   Code   RO         2293    i.HAL_TIM_TriggerCallback  stm32f1xx_hal_tim.o
    0x08001b06   0x08001b06   0x00000002   Code   RO         3185    i.HAL_UARTEx_RxEventCallback  stm32f1xx_hal_uart.o
    0x08001b08   0x08001b08   0x00000002   Code   RO         3199    i.HAL_UART_ErrorCallback  stm32f1xx_hal_uart.o
    0x08001b0a   0x08001b0a   0x00000002   PAD
    0x08001b0c   0x08001b0c   0x0000026c   Code   RO         3202    i.HAL_UART_IRQHandler  stm32f1xx_hal_uart.o
    0x08001d78   0x08001d78   0x00000064   Code   RO         3203    i.HAL_UART_Init     stm32f1xx_hal_uart.o
    0x08001ddc   0x08001ddc   0x000000dc   Code   RO          403    i.HAL_UART_MspInit  usart.o
    0x08001eb8   0x08001eb8   0x00000002   Code   RO         3209    i.HAL_UART_RxCpltCallback  stm32f1xx_hal_uart.o
    0x08001eba   0x08001eba   0x00000002   Code   RO         3214    i.HAL_UART_TxCpltCallback  stm32f1xx_hal_uart.o
    0x08001ebc   0x08001ebc   0x00000002   Code   RO          448    i.HardFault_Handler  stm32f1xx_it.o
    0x08001ebe   0x08001ebe   0x00000002   PAD
    0x08001ec0   0x08001ec0   0x00000024   Code   RO         5194    i.LCD_WriteData_16Bit  lcd_driver.o
    0x08001ee4   0x08001ee4   0x00000010   Code   RO          221    i.LcdTask           freertos.o
    0x08001ef4   0x08001ef4   0x0000002e   Code   RO         5195    i.Lcd_Clear         lcd_driver.o
    0x08001f22   0x08001f22   0x00000220   Code   RO         5196    i.Lcd_Init          lcd_driver.o
    0x08002142   0x08002142   0x00000002   PAD
    0x08002144   0x08002144   0x0000002c   Code   RO         5198    i.Lcd_Reset         lcd_driver.o
    0x08002170   0x08002170   0x00000056   Code   RO         5199    i.Lcd_SetRegion     lcd_driver.o
    0x080021c6   0x080021c6   0x00000008   Code   RO         5200    i.Lcd_SetXY         lcd_driver.o
    0x080021ce   0x080021ce   0x00000002   PAD
    0x080021d0   0x080021d0   0x0000001c   Code   RO         5201    i.Lcd_WriteData     lcd_driver.o
    0x080021ec   0x080021ec   0x0000001c   Code   RO         5202    i.Lcd_WriteIndex    lcd_driver.o
    0x08002208   0x08002208   0x0000004c   Code   RO          296    i.MX_ADC1_Init      adc.o
    0x08002254   0x08002254   0x0000003c   Code   RO          336    i.MX_DMA_Init       dma.o
    0x08002290   0x08002290   0x00000054   Code   RO          222    i.MX_FREERTOS_Init  freertos.o
    0x080022e4   0x080022e4   0x000000b4   Code   RO          197    i.MX_GPIO_Init      gpio.o
    0x08002398   0x08002398   0x00000048   Code   RO          362    i.MX_SPI1_Init      spi.o
    0x080023e0   0x080023e0   0x00000038   Code   RO          404    i.MX_USART1_UART_Init  usart.o
    0x08002418   0x08002418   0x00000002   Code   RO          449    i.MemManage_Handler  stm32f1xx_it.o
    0x0800241a   0x0800241a   0x00000002   Code   RO          450    i.NMI_Handler       stm32f1xx_it.o
    0x0800241c   0x0800241c   0x000000e4   Code   RO         5372    i.Redraw_Mainmenu   qdtft_demo.o
    0x08002500   0x08002500   0x00000020   Code   RO         1927    i.SPI_EndRxTxTransaction  stm32f1xx_hal_spi.o
    0x08002520   0x08002520   0x000000b8   Code   RO         1932    i.SPI_WaitFlagStateUntilTimeout  stm32f1xx_hal_spi.o
    0x080025d8   0x080025d8   0x00000018   Code   RO         5204    i.SPI_WriteData     lcd_driver.o
    0x080025f0   0x080025f0   0x0000002c   Code   RO         5114    i.SysTick_Handler   port.o
    0x0800261c   0x0800261c   0x00000078   Code   RO           15    i.SystemClock_Config  main.o
    0x08002694   0x08002694   0x00000002   Code   RO         3537    i.SystemInit        system_stm32f1xx.o
    0x08002696   0x08002696   0x00000002   PAD
    0x08002698   0x08002698   0x0000000c   Code   RO          451    i.TIM4_IRQHandler   stm32f1xx_it.o
    0x080026a4   0x080026a4   0x0000006c   Code   RO         2295    i.TIM_Base_SetConfig  stm32f1xx_hal_tim.o
    0x08002710   0x08002710   0x00000010   Code   RO         3216    i.UART_DMAAbortOnError  stm32f1xx_hal_uart.o
    0x08002720   0x08002720   0x0000004e   Code   RO         3226    i.UART_EndRxTransfer  stm32f1xx_hal_uart.o
    0x0800276e   0x0800276e   0x000000c2   Code   RO         3228    i.UART_Receive_IT   stm32f1xx_hal_uart.o
    0x08002830   0x08002830   0x000000b8   Code   RO         3229    i.UART_SetConfig    stm32f1xx_hal_uart.o
    0x080028e8   0x080028e8   0x0000000c   Code   RO          452    i.USART1_IRQHandler  stm32f1xx_it.o
    0x080028f4   0x080028f4   0x00000002   Code   RO          453    i.UsageFault_Handler  stm32f1xx_it.o
    0x080028f6   0x080028f6   0x00000020   Code   RO         1391    i.__NVIC_SetPriority  stm32f1xx_hal_cortex.o
    0x08002916   0x08002916   0x00000008   Code   RO          223    i.flashTask         freertos.o
    0x0800291e   0x0800291e   0x00000008   Code   RO          224    i.gsmTask           freertos.o
    0x08002926   0x08002926   0x00000002   PAD
    0x08002928   0x08002928   0x00000018   Code   RO          225    i.keybordTask       freertos.o
    0x08002940   0x08002940   0x0000002a   Code   RO           16    i.main              main.o
    0x0800296a   0x0800296a   0x00000002   PAD
    0x0800296c   0x0800296c   0x00000034   Code   RO         4643    i.osDelay           cmsis_os2.o
    0x080029a0   0x080029a0   0x00000038   Code   RO         4657    i.osKernelInitialize  cmsis_os2.o
    0x080029d8   0x080029d8   0x00000040   Code   RO         4660    i.osKernelStart     cmsis_os2.o
    0x08002a18   0x08002a18   0x000000a4   Code   RO         4694    i.osThreadNew       cmsis_os2.o
    0x08002abc   0x08002abc   0x0000005c   Code   RO         4139    i.prvAddCurrentTaskToDelayedList  tasks.o
    0x08002b18   0x08002b18   0x000000d0   Code   RO         4140    i.prvAddNewTaskToReadyList  tasks.o
    0x08002be8   0x08002be8   0x00000058   Code   RO         4489    i.prvCheckForValidListAndQueue  timers.o
    0x08002c40   0x08002c40   0x00000026   Code   RO         3742    i.prvCopyDataFromQueue  queue.o
    0x08002c66   0x08002c66   0x0000006c   Code   RO         3743    i.prvCopyDataToQueue  queue.o
    0x08002cd2   0x08002cd2   0x00000034   Code   RO         4141    i.prvDeleteTCB      tasks.o
    0x08002d06   0x08002d06   0x00000002   PAD
    0x08002d08   0x08002d08   0x0000004c   Code   RO         5064    i.prvHeapInit       heap_4.o
    0x08002d54   0x08002d54   0x00000060   Code   RO         4142    i.prvIdleTask       tasks.o
    0x08002db4   0x08002db4   0x00000022   Code   RO         3745    i.prvInitialiseNewQueue  queue.o
    0x08002dd6   0x08002dd6   0x0000009c   Code   RO         4143    i.prvInitialiseNewTask  tasks.o
    0x08002e72   0x08002e72   0x00000002   PAD
    0x08002e74   0x08002e74   0x0000004c   Code   RO         5065    i.prvInsertBlockIntoFreeList  heap_4.o
    0x08002ec0   0x08002ec0   0x00000038   Code   RO         4491    i.prvInsertTimerInActiveList  timers.o
    0x08002ef8   0x08002ef8   0x0000001c   Code   RO         3746    i.prvIsQueueEmpty   queue.o
    0x08002f14   0x08002f14   0x000000cc   Code   RO         4492    i.prvProcessReceivedCommands  timers.o
    0x08002fe0   0x08002fe0   0x000000b4   Code   RO         4493    i.prvProcessTimerOrBlockTask  timers.o
    0x08003094   0x08003094   0x00000020   Code   RO         4145    i.prvResetNextTaskUnblockTime  tasks.o
    0x080030b4   0x080030b4   0x00000028   Code   RO         4494    i.prvSampleTimeNow  timers.o
    0x080030dc   0x080030dc   0x0000006c   Code   RO         4495    i.prvSwitchTimerLists  timers.o
    0x08003148   0x08003148   0x00000028   Code   RO         5115    i.prvTaskExitError  port.o
    0x08003170   0x08003170   0x00000024   Code   RO         4496    i.prvTimerTask      timers.o
    0x08003194   0x08003194   0x0000006a   Code   RO         3747    i.prvUnlockQueue    queue.o
    0x080031fe   0x080031fe   0x00000002   PAD
    0x08003200   0x08003200   0x000000d8   Code   RO         5066    i.pvPortMalloc      heap_4.o
    0x080032d8   0x080032d8   0x00000024   Code   RO         5116    i.pxPortInitialiseStack  port.o
    0x080032fc   0x080032fc   0x00000026   Code   RO         3702    i.uxListRemove      list.o
    0x08003322   0x08003322   0x00000002   PAD
    0x08003324   0x08003324   0x00000014   Code   RO         4706    i.vApplicationGetIdleTaskMemory  cmsis_os2.o
    0x08003338   0x08003338   0x00000018   Code   RO         4707    i.vApplicationGetTimerTaskMemory  cmsis_os2.o
    0x08003350   0x08003350   0x00000016   Code   RO         3703    i.vListInitialise   list.o
    0x08003366   0x08003366   0x00000006   Code   RO         3704    i.vListInitialiseItem  list.o
    0x0800336c   0x0800336c   0x00000030   Code   RO         3705    i.vListInsert       list.o
    0x0800339c   0x0800339c   0x00000018   Code   RO         3706    i.vListInsertEnd    list.o
    0x080033b4   0x080033b4   0x00000040   Code   RO         5118    i.vPortEnterCritical  port.o
    0x080033f4   0x080033f4   0x00000028   Code   RO         5119    i.vPortExitCritical  port.o
    0x0800341c   0x0800341c   0x0000005c   Code   RO         5067    i.vPortFree         heap_4.o
    0x08003478   0x08003478   0x00000024   Code   RO         5120    i.vPortSetupTimerInterrupt  port.o
    0x0800349c   0x0800349c   0x00000054   Code   RO         5121    i.vPortValidateInterruptPriority  port.o
    0x080034f0   0x080034f0   0x00000028   Code   RO         3753    i.vQueueAddToRegistry  queue.o
    0x08003518   0x08003518   0x00000044   Code   RO         3757    i.vQueueWaitForMessageRestricted  queue.o
    0x0800355c   0x0800355c   0x0000004c   Code   RO         4157    i.vTaskDelay        tasks.o
    0x080035a8   0x080035a8   0x00000010   Code   RO         4162    i.vTaskInternalSetTimeOutState  tasks.o
    0x080035b8   0x080035b8   0x0000000c   Code   RO         4163    i.vTaskMissedYield  tasks.o
    0x080035c4   0x080035c4   0x00000030   Code   RO         4165    i.vTaskPlaceOnEventList  tasks.o
    0x080035f4   0x080035f4   0x00000038   Code   RO         4166    i.vTaskPlaceOnEventListRestricted  tasks.o
    0x0800362c   0x0800362c   0x00000088   Code   RO         4174    i.vTaskStartScheduler  tasks.o
    0x080036b4   0x080036b4   0x00000010   Code   RO         4176    i.vTaskSuspendAll   tasks.o
    0x080036c4   0x080036c4   0x00000064   Code   RO         4177    i.vTaskSwitchContext  tasks.o
    0x08003728   0x08003728   0x000000a8   Code   RO         5122    i.xPortStartScheduler  port.o
    0x080037d0   0x080037d0   0x00000066   Code   RO         3763    i.xQueueGenericCreateStatic  queue.o
    0x08003836   0x08003836   0x00000002   PAD
    0x08003838   0x08003838   0x00000088   Code   RO         3764    i.xQueueGenericReset  queue.o
    0x080038c0   0x080038c0   0x00000160   Code   RO         3765    i.xQueueGenericSend  queue.o
    0x08003a20   0x08003a20   0x000000bc   Code   RO         3766    i.xQueueGenericSendFromISR  queue.o
    0x08003adc   0x08003adc   0x00000138   Code   RO         3775    i.xQueueReceive     queue.o
    0x08003c14   0x08003c14   0x00000074   Code   RO         4178    i.xTaskCheckForTimeOut  tasks.o
    0x08003c88   0x08003c88   0x0000005a   Code   RO         4179    i.xTaskCreate       tasks.o
    0x08003ce2   0x08003ce2   0x00000056   Code   RO         4180    i.xTaskCreateStatic  tasks.o
    0x08003d38   0x08003d38   0x0000001c   Code   RO         4184    i.xTaskGetSchedulerState  tasks.o
    0x08003d54   0x08003d54   0x0000000c   Code   RO         4185    i.xTaskGetTickCount  tasks.o
    0x08003d60   0x08003d60   0x000000c8   Code   RO         4187    i.xTaskIncrementTick  tasks.o
    0x08003e28   0x08003e28   0x00000080   Code   RO         4190    i.xTaskPriorityDisinherit  tasks.o
    0x08003ea8   0x08003ea8   0x00000070   Code   RO         4192    i.xTaskRemoveFromEventList  tasks.o
    0x08003f18   0x08003f18   0x000000c4   Code   RO         4193    i.xTaskResumeAll    tasks.o
    0x08003fdc   0x08003fdc   0x00000060   Code   RO         4503    i.xTimerCreateTimerTask  timers.o
    0x0800403c   0x0800403c   0x00000068   Code   RO         4504    i.xTimerGenericCommand  timers.o
    0x080040a4   0x080040a4   0x00000090   Data   RO          226    .constdata          freertos.o
    0x08004134   0x08004134   0x00000012   Data   RO         1089    .constdata          stm32f1xx_hal_rcc.o
    0x08004146   0x08004146   0x00000010   Data   RO         3538    .constdata          system_stm32f1xx.o
    0x08004156   0x08004156   0x00000008   Data   RO         3539    .constdata          system_stm32f1xx.o
    0x0800415e   0x0800415e   0x000019d8   Data   RO         5291    .constdata          gui.o
    0x08005b36   0x08005b36   0x00000002   PAD
    0x08005b38   0x08005b38   0x00000028   Data   RO          227    .conststring        freertos.o
    0x08005b60   0x08005b60   0x00000020   Data   RO         5599    Region$$Table       anon$$obj.o


    Execution Region RW_IRAM1 (Exec base: 0x20000000, Load base: 0x08005b80, Size: 0x00002170, Max: 0x00005000, ABSOLUTE)

    Exec Addr    Load Addr    Size         Type   Attr      Idx    E Section Name        Object

    0x20000000   0x08005b80   0x00000010   Data   RW          228    .data               freertos.o
    0x20000010   0x08005b90   0x0000000c   Data   RW          926    .data               stm32f1xx_hal.o
    0x2000001c   0x08005b9c   0x00000004   Data   RW         3540    .data               system_stm32f1xx.o
    0x20000020   0x08005ba0   0x0000003c   Data   RW         4196    .data               tasks.o
    0x2000005c   0x08005bdc   0x00000014   Data   RW         4512    .data               timers.o
    0x20000070   0x08005bf0   0x00000004   Data   RW         4709    .data               cmsis_os2.o
    0x20000074   0x08005bf4   0x00000018   Data   RW         5072    .data               heap_4.o
    0x2000008c   0x08005c0c   0x0000000c   Data   RW         5123    .data               port.o
    0x20000098        -       0x00000030   Zero   RW          297    .bss                adc.o
    0x200000c8        -       0x00000058   Zero   RW          363    .bss                spi.o
    0x20000120        -       0x000000d0   Zero   RW          405    .bss                usart.o
    0x200001f0        -       0x00000048   Zero   RW          553    .bss                stm32f1xx_hal_timebase_tim.o
    0x20000238        -       0x00000040   Zero   RW         3779    .bss                queue.o
    0x20000278        -       0x000004c4   Zero   RW         4195    .bss                tasks.o
    0x2000073c        -       0x00000118   Zero   RW         4511    .bss                timers.o
    0x20000854        -       0x000006b8   Zero   RW         4708    .bss                cmsis_os2.o
    0x20000f0c        -       0x00000c00   Zero   RW         5071    .bss                heap_4.o
    0x20001b0c        -       0x00000060   Zero   RW         5471    .bss                c_w.l(libspace.o)
    0x20001b6c   0x08005c18   0x00000004   PAD
    0x20001b70        -       0x00000200   Zero   RW            2    HEAP                startup_stm32f103xb.o
    0x20001d70        -       0x00000400   Zero   RW            1    STACK               startup_stm32f103xb.o


==============================================================================

Image component sizes


      Code (inc. data)   RO Data    RW Data    ZI Data      Debug   Object Name

       164         20          0          0         48       1545   adc.o
       380         32          0          4       1720      14094   cmsis_os2.o
        60          4          0          0          0        718   dma.o
         0          0          0          0          0      20044   event_groups.o
       140         30        184         16          0       5803   freertos.o
       180         14          0          0          0        919   gpio.o
       668          8       6616          0          0       4057   gui.o
       460         24          0         24       3072       4523   heap_4.o
       870         24          0          0          0       5790   lcd_driver.o
       138          0          0          0          0       3246   list.o
       186          6          0          0          0     457284   main.o
       662         70          0         12          0      10521   port.o
       228         82          0          0          0        486   qdtft_demo.o
      1512         20          0          0         64      16536   queue.o
       184         24          0          0         88       1553   spi.o
        64         26        236          0       1536        788   startup_stm32f103xb.o
       100         18          0         12          0       5074   stm32f1xx_hal.o
       622         24          0          0          0       3204   stm32f1xx_hal_adc.o
       158         14          0          0          0      28058   stm32f1xx_hal_cortex.o
       654         36          0          0          0       3267   stm32f1xx_hal_dma.o
       506         34          0          0          0       3409   stm32f1xx_hal_gpio.o
        72         10          0          0          0        822   stm32f1xx_hal_msp.o
      1304         94         18          0          0       5569   stm32f1xx_hal_rcc.o
       236         12          0          0          0       1332   stm32f1xx_hal_rcc_ex.o
       760          4          0          0          0       4258   stm32f1xx_hal_spi.o
       654         26          0          0          0       6828   stm32f1xx_hal_tim.o
         4          0          0          0          0       1509   stm32f1xx_hal_tim_ex.o
       116         16          0          0         72       1351   stm32f1xx_hal_timebase_tim.o
      1200         10          0          0          0       7716   stm32f1xx_hal_uart.o
        60         24          0          0          0       4105   stm32f1xx_it.o
         0          0          0          0          0       8868   stream_buffer.o
         2          0         24          4          0       1047   system_stm32f1xx.o
      2064        170          0         60       1220      22624   tasks.o
       912         82          0         20        280      25623   timers.o
       276         30          0          0        208       1784   usart.o

    ----------------------------------------------------------------------
     15632        988       7112        152       8308     684355   Object Totals
         0          0         32          0          0          0   (incl. Generated)
        36          0          2          0          0          0   (incl. Padding)

    ----------------------------------------------------------------------

      Code (inc. data)   RO Data    RW Data    ZI Data      Debug   Library Member Name

         8          0          0          0          0         68   __main.o
         0          0          0          0          0          0   __rtentry.o
        12          0          0          0          0          0   __rtentry2.o
         6          0          0          0          0          0   __rtentry4.o
        52          8          0          0          0          0   __scatter.o
        26          0          0          0          0          0   __scatter_copy.o
        28          0          0          0          0          0   __scatter_zi.o
        16          0          0          0          0         68   aeabi_memset.o
        18          0          0          0          0         80   exit.o
         6          0          0          0          0        152   heapauxi.o
         0          0          0          0          0          0   indicate_semi.o
         2          0          0          0          0          0   libinit.o
         2          0          0          0          0          0   libinit2.o
         2          0          0          0          0          0   libshutdown.o
         2          0          0          0          0          0   libshutdown2.o
         8          4          0          0         96         68   libspace.o
        68          0          0          0          0         68   rt_memclr.o
        78          0          0          0          0         80   rt_memclr_w.o
       138          0          0          0          0         68   rt_memcpy_v6.o
       100          0          0          0          0         80   rt_memcpy_w.o
         2          0          0          0          0          0   rtexit.o
        10          0          0          0          0          0   rtexit2.o
        12          4          0          0          0         68   sys_exit.o
        74          0          0          0          0         80   sys_stackheap_outer.o
         2          0          0          0          0         68   use_no_semi.o

    ----------------------------------------------------------------------
       680         16          0          0        100        948   Library Totals
         8          0          0          0          4          0   (incl. Padding)

    ----------------------------------------------------------------------

      Code (inc. data)   RO Data    RW Data    ZI Data      Debug   Library Name

       672         16          0          0         96        948   c_w.l

    ----------------------------------------------------------------------
       680         16          0          0        100        948   Library Totals

    ----------------------------------------------------------------------

==============================================================================


      Code (inc. data)   RO Data    RW Data    ZI Data      Debug   

     16312       1004       7112        152       8408     676719   Grand Totals
     16312       1004       7112        152       8408     676719   ELF Image Totals
     16312       1004       7112        152          0          0   ROM Totals

==============================================================================

    Total RO  Size (Code + RO Data)                23424 (  22.88kB)
    Total RW  Size (RW Data + ZI Data)              8560 (   8.36kB)
    Total ROM Size (Code + RO Data + RW Data)      23576 (  23.02kB)

==============================================================================

